2025-11-29 18:20:28.339 | INFO     | __main__:run_all_tests:115 - Starting comprehensive test suite...
2025-11-29 18:20:28.340 | INFO     | __main__:run_test_category:36 - Running unit tests...
2025-11-29 18:25:28.102 | INFO     | __main__:run_test_category:92 - unit tests completed in 299.76s - FAILED
2025-11-29 18:25:28.108 | INFO     | __main__:run_test_category:36 - Running integration tests...
2025-11-29 18:28:43.021 | INFO     | __main__:run_test_category:92 - integration tests completed in 194.91s - FAILED
2025-11-29 18:28:43.023 | INFO     | __main__:run_test_category:36 - Running system tests...
2025-11-29 18:29:20.782 | INFO     | __main__:run_test_category:92 - system tests completed in 37.76s - FAILED
2025-11-29 18:29:20.783 | WARNING  | __main__:run_all_tests:138 - Test directory tests/e2e does not exist, skipping...
2025-11-29 18:29:20.784 | INFO     | __main__:run_test_category:36 - Running performance tests...
2025-11-29 18:37:23.179 | INFO     | __main__:run_test_category:92 - performance tests completed in 482.39s - FAILED
2025-11-29 18:37:23.181 | INFO     | __main__:run_test_category:36 - Running usability tests...
2025-11-29 18:37:55.344 | INFO     | __main__:run_test_category:92 - usability tests completed in 32.16s - FAILED
2025-11-29 18:37:55.345 | INFO     | __main__:generate_report:228 - Test Summary: 0/5 categories passed (0.0%)
2025-11-29 18:37:55.345 | ERROR    | __main__:generate_report:231 - Failed test categories: 5
2025-11-29 18:37:55.345 | ERROR    | __main__:generate_report:234 -   - unit: See output for details
2025-11-29 18:37:55.345 | ERROR    | __main__:generate_report:234 -   - integration: See output for details
2025-11-29 18:37:55.345 | ERROR    | __main__:generate_report:234 -   - system: See output for details
2025-11-29 18:37:55.346 | ERROR    | __main__:generate_report:234 -   - performance: See output for details
2025-11-29 18:37:55.346 | ERROR    | __main__:generate_report:234 -   - usability: See output for details
{
  "timestamp": "2025-11-29T18:20:28.339564",
  "total_duration": 1047.0046577453613,
  "summary": {
    "total_categories": 6,
    "passed": 0,
    "failed": 5,
    "success_rate": 0.0
  },
  "results": {
    "unit": {
      "category": "unit",
      "status": "FAILED",
      "duration": 299.7612102031708,
      "returncode": 4,
      "stdout": "",
      "stderr": "/Users/apple/Library/Python/3.9/lib/python/site-packages/urllib3/__init__.py:35: NotOpenSSLWarning: urllib3 v2 only supports OpenSSL 1.1.1+, currently the 'ssl' module is compiled with 'LibreSSL 2.8.3'. See: https://github.com/urllib3/urllib3/issues/3020\n  warnings.warn(\nImportError while loading conftest '/Users/apple/Library/Mobile Documents/com~apple~CloudDocs/SProjects/myagent-continuous-ai-builder/tests/conftest.py'.\ntests/conftest.py:18: in <module>\n    from core.orchestrator.continuous_director import ContinuousDirector\ncore/__init__.py:10: in <module>\n    from . import agents\ncore/agents/__init__.py:8: in <module>\n    from .coder_agent import CoderAgent\ncore/agents/coder_agent.py:8: in <module>\n    import autopep8\nE   ModuleNotFoundError: No module named 'autopep8'\n",
      "command": "/Library/Developer/CommandLineTools/usr/bin/python3 -m pytest tests/unit/ -m unit -v --cov=core --cov=api --cov-report=term-missing"
    },
    "integration": {
      "category": "integration",
      "status": "FAILED",
      "duration": 194.9121069908142,
      "returncode": 2,
      "stdout": "============================= test session starts ==============================\nplatform darwin -- Python 3.9.6, pytest-8.4.2, pluggy-1.6.0 -- /Library/Developer/CommandLineTools/usr/bin/python3\ncachedir: .pytest_cache\nrootdir: /Users/apple/Library/Mobile Documents/com~apple~CloudDocs/SProjects/myagent-continuous-ai-builder\nconfigfile: pytest.ini\nplugins: asyncio-0.23.5, anyio-4.12.0, langsmith-0.4.37, cov-4.1.0\nasyncio: mode=strict\ncollecting ... collected 0 items / 1 error\n\n==================================== ERRORS ====================================\n_____ ERROR collecting tests/integration/test_multi_agent_coordination.py ______\nImportError while importing test module '/Users/apple/Library/Mobile Documents/com~apple~CloudDocs/SProjects/myagent-continuous-ai-builder/tests/integration/test_multi_agent_coordination.py'.\nHint: make sure your test modules/packages have valid Python names.\nTraceback:\n/Library/Developer/CommandLineTools/Library/Frameworks/Python3.framework/Versions/3.9/lib/python3.9/importlib/__init__.py:127: in import_module\n    return _bootstrap._gcd_import(name[level:], package, level)\ntests/integration/test_multi_agent_coordination.py:29: in <module>\n    from tests.fixtures.agent_fixtures import (\nE   ImportError: cannot import name 'MockCoderAgent' from 'tests.fixtures.agent_fixtures' (/Users/apple/Library/Mobile Documents/com~apple~CloudDocs/SProjects/myagent-continuous-ai-builder/tests/fixtures/agent_fixtures.py)\n------------------------------- Captured stdout --------------------------------\n\u001b[32m2025-11-29 18:28:36\u001b[0m | \u001b[1mINFO    \u001b[0m | \u001b[36mconfig.logging_config\u001b[0m:\u001b[36msetup_logging\u001b[0m:\u001b[36m100\u001b[0m - \u001b[1mLogging configured: level=INFO, file_logging=True\u001b[0m\n------------------------------- Captured stderr --------------------------------\n\nA module that was compiled using NumPy 1.x cannot be run in\nNumPy 2.0.2 as it may crash. To support both 1.x and 2.x\nversions of NumPy, modules must be compiled with NumPy 2.0.\nSome module may need to rebuild instead e.g. with 'pybind11>=2.12'.\n\nIf you are a user of the module, the easiest solution will be to\ndowngrade to 'numpy<2' or try to upgrade the affected module.\nWe expect that some modules will need time to support NumPy 2.\n\nTraceback (most recent call last):  File \"/Library/Developer/CommandLineTools/Library/Frameworks/Python3.framework/Versions/3.9/lib/python3.9/runpy.py\", line 197, in _run_module_as_main\n    return _run_code(code, main_globals, None,\n  File \"/Library/Developer/CommandLineTools/Library/Frameworks/Python3.framework/Versions/3.9/lib/python3.9/runpy.py\", line 87, in _run_code\n    exec(code, run_globals)\n  File \"/Users/apple/Library/Python/3.9/lib/python/site-packages/pytest/__main__.py\", line 9, in <module>\n    raise SystemExit(pytest.console_main())\n  File \"/Users/apple/Library/Python/3.9/lib/python/site-packages/_pytest/config/__init__.py\", line 201, in console_main\n    code = main()\n  File \"/Users/apple/Library/Python/3.9/lib/python/site-packages/_pytest/config/__init__.py\", line 156, in main\n    config = _prepareconfig(args, plugins)\n  File \"/Users/apple/Library/Python/3.9/lib/python/site-packages/_pytest/config/__init__.py\", line 342, in _prepareconfig\n    config = pluginmanager.hook.pytest_cmdline_parse(\n  File \"/Users/apple/Library/Python/3.9/lib/python/site-packages/pluggy/_hooks.py\", line 512, in __call__\n    return self._hookexec(self.name, self._hookimpls.copy(), kwargs, firstresult)\n  File \"/Users/apple/Library/Python/3.9/lib/python/site-packages/pluggy/_manager.py\", line 120, in _hookexec\n    return self._inner_hookexec(hook_name, methods, kwargs, firstresult)\n  File \"/Users/apple/Library/Python/3.9/lib/python/site-packages/pluggy/_callers.py\", line 121, in _multicall\n    res = hook_impl.function(*args)\n  File \"/Users/apple/Library/Python/3.9/lib/python/site-packages/_pytest/config/__init__.py\", line 1146, in pytest_cmdline_parse\n    self.parse(args)\n  File \"/Users/apple/Library/Python/3.9/lib/python/site-packages/_pytest/config/__init__.py\", line 1527, in parse\n    self._preparse(args, addopts=addopts)\n  File \"/Users/apple/Library/Python/3.9/lib/python/site-packages/_pytest/config/__init__.py\", line 1431, in _preparse\n    self.hook.pytest_load_initial_conftests(\n  File \"/Users/apple/Library/Python/3.9/lib/python/site-packages/pluggy/_hooks.py\", line 512, in __call__\n    return self._hookexec(self.name, self._hookimpls.copy(), kwargs, firstresult)\n  File \"/Users/apple/Library/Python/3.9/lib/python/site-packages/pluggy/_manager.py\", line 120, in _hookexec\n    return self._inner_hookexec(hook_name, methods, kwargs, firstresult)\n  File \"/Users/apple/Library/Python/3.9/lib/python/site-packages/pluggy/_callers.py\", line 121, in _multicall\n    res = hook_impl.function(*args)\n  File \"/Users/apple/Library/Python/3.9/lib/python/site-packages/_pytest/config/__init__.py\", line 1228, in pytest_load_initial_conftests\n    self.pluginmanager._set_initial_conftests(\n  File \"/Users/apple/Library/Python/3.9/lib/python/site-packages/_pytest/config/__init__.py\", line 583, in _set_initial_conftests\n    self._try_load_conftest(\n  File \"/Users/apple/Library/Python/3.9/lib/python/site-packages/_pytest/config/__init__.py\", line 621, in _try_load_conftest\n    self._loadconftestmodules(\n  File \"/Users/apple/Library/Python/3.9/lib/python/site-packages/_pytest/config/__init__.py\", line 661, in _loadconftestmodules\n    mod = self._importconftest(\n  File \"/Users/apple/Library/Python/3.9/lib/python/site-packages/_pytest/config/__init__.py\", line 712, in _importconftest\n    mod = import_path(\n  File \"/Users/apple/Library/Python/3.9/lib/python/site-packages/_pytest/pathlib.py\", line 587, in import_path\n    importlib.import_module(module_name)\n  File \"/Library/Developer/CommandLineTools/Library/Frameworks/Python3.framework/Versions/3.9/lib/python3.9/importlib/__init__.py\", line 127, in import_module\n    return _bootstrap._gcd_import(name[level:], package, level)\n  File \"/Users/apple/Library/Python/3.9/lib/python/site-packages/_pytest/assertion/rewrite.py\", line 186, in exec_module\n    exec(co, module.__dict__)\n  File \"/Users/apple/Library/Mobile Documents/com~apple~CloudDocs/SProjects/myagent-continuous-ai-builder/tests/conftest.py\", line 18, in <module>\n    from core.orchestrator.continuous_director import ContinuousDirector\n  File \"/Users/apple/Library/Mobile Documents/com~apple~CloudDocs/SProjects/myagent-continuous-ai-builder/core/__init__.py\", line 10, in <module>\n    from . import agents\n  File \"/Users/apple/Library/Mobile Documents/com~apple~CloudDocs/SProjects/myagent-continuous-ai-builder/core/agents/__init__.py\", line 8, in <module>\n    from .coder_agent import CoderAgent\n  File \"/Users/apple/Library/Mobile Documents/com~apple~CloudDocs/SProjects/myagent-continuous-ai-builder/core/agents/coder_agent.py\", line 13, in <module>\n    from langchain_openai import ChatOpenAI\n  File \"/Users/apple/Library/Python/3.9/lib/python/site-packages/langchain_openai/__init__.py\", line 3, in <module>\n    from langchain_openai.chat_models import AzureChatOpenAI, ChatOpenAI\n  File \"/Users/apple/Library/Python/3.9/lib/python/site-packages/langchain_openai/chat_models/__init__.py\", line 3, in <module>\n    from langchain_openai.chat_models.azure import AzureChatOpenAI\n  File \"/Users/apple/Library/Python/3.9/lib/python/site-packages/langchain_openai/chat_models/azure.py\", line 11, in <module>\n    from langchain_core.language_models import LanguageModelInput\n  File \"/Users/apple/Library/Python/3.9/lib/python/site-packages/langchain_core/language_models/__init__.py\", line 112, in __getattr__\n    result = import_attr(attr_name, module_name, __spec__.parent)\n  File \"/Users/apple/Library/Python/3.9/lib/python/site-packages/langchain_core/_import_utils.py\", line 36, in import_attr\n    module = import_module(f\".{module_name}\", package=package)\n  File \"/Library/Developer/CommandLineTools/Library/Frameworks/Python3.framework/Versions/3.9/lib/python3.9/importlib/__init__.py\", line 127, in import_module\n    return _bootstrap._gcd_import(name[level:], package, level)\n  File \"/Users/apple/Library/Python/3.9/lib/python/site-packages/langchain_core/language_models/base.py\", line 44, in <module>\n    from transformers import GPT2TokenizerFast  # type: ignore[import-not-found]\n  File \"/Users/apple/Library/Python/3.9/lib/python/site-packages/transformers/__init__.py\", line 27, in <module>\n    from . import dependency_versions_check\n  File \"/Users/apple/Library/Python/3.9/lib/python/site-packages/transformers/dependency_versions_check.py\", line 16, in <module>\n    from .utils.versions import require_version, require_version_core\n  File \"/Users/apple/Library/Python/3.9/lib/python/site-packages/transformers/utils/__init__.py\", line 24, in <module>\n    from .auto_docstring import (\n  File \"/Users/apple/Library/Python/3.9/lib/python/site-packages/transformers/utils/auto_docstring.py\", line 30, in <module>\n    from .generic import ModelOutput\n  File \"/Users/apple/Library/Python/3.9/lib/python/site-packages/transformers/utils/generic.py\", line 51, in <module>\n    import torch\n  File \"/Users/apple/Library/Python/3.9/lib/python/site-packages/torch/__init__.py\", line 1477, in <module>\n    from .functional import *  # noqa: F403\n  File \"/Users/apple/Library/Python/3.9/lib/python/site-packages/torch/functional.py\", line 9, in <module>\n    import torch.nn.functional as F\n  File \"/Users/apple/Library/Python/3.9/lib/python/site-packages/torch/nn/__init__.py\", line 1, in <module>\n    from .modules import *  # noqa: F403\n  File \"/Users/apple/Library/Python/3.9/lib/python/site-packages/torch/nn/modules/__init__.py\", line 35, in <module>\n    from .transformer import TransformerEncoder, TransformerDecoder, \\\n  File \"/Users/apple/Library/Python/3.9/lib/python/site-packages/torch/nn/modules/transformer.py\", line 20, in <module>\n    device: torch.device = torch.device(torch._C._get_default_device()),  # torch.device('cpu'),\ntree-sitter not available; will use Python ast fallback\n=============================== warnings summary ===============================\n../../../../Python/3.9/lib/python/site-packages/jupyter_client/connect.py:22\n  /Users/apple/Library/Python/3.9/lib/python/site-packages/jupyter_client/connect.py:22: DeprecationWarning: Jupyter is migrating its paths to use standard platformdirs\n  given by the platformdirs library.  To remove this warning and\n  see the appropriate new directories, set the environment variable\n  `JUPYTER_PLATFORM_DIRS=1` and then run `jupyter --paths`.\n  The use of platformdirs will be the default in `jupyter_core` v6\n    from jupyter_core.paths import jupyter_data_dir, jupyter_runtime_dir, secure_write\n\n../../../../Python/3.9/lib/python/site-packages/torch/nn/modules/transformer.py:20\n  /Users/apple/Library/Python/3.9/lib/python/site-packages/torch/nn/modules/transformer.py:20: UserWarning: Failed to initialize NumPy: _ARRAY_API not found (Triggered internally at /Users/runner/work/pytorch/pytorch/pytorch/torch/csrc/utils/tensor_numpy.cpp:84.)\n    device: torch.device = torch.device(torch._C._get_default_device()),  # torch.device('cpu'),\n\nconfig/settings.py:19\n  /Users/apple/Library/Mobile Documents/com~apple~CloudDocs/SProjects/myagent-continuous-ai-builder/config/settings.py:19: PydanticDeprecatedSince20: Using extra keyword arguments on `Field` is deprecated and will be removed. Use `json_schema_extra` instead. (Extra keys: 'env'). Deprecated in Pydantic V2.0 to be removed in V3.0. See Pydantic V2 Migration Guide at https://errors.pydantic.dev/2.12/migration/\n    DEBUG: bool = Field(default=False, env=\"DEBUG\")\n\nconfig/settings.py:22\n  /Users/apple/Library/Mobile Documents/com~apple~CloudDocs/SProjects/myagent-continuous-ai-builder/config/settings.py:22: PydanticDeprecatedSince20: Using extra keyword arguments on `Field` is deprecated and will be removed. Use `json_schema_extra` instead. (Extra keys: 'env'). Deprecated in Pydantic V2.0 to be removed in V3.0. See Pydantic V2 Migration Guide at https://errors.pydantic.dev/2.12/migration/\n    API_HOST: str = Field(default=\"0.0.0.0\", env=\"API_HOST\")\n\nconfig/settings.py:23\n  /Users/apple/Library/Mobile Documents/com~apple~CloudDocs/SProjects/myagent-continuous-ai-builder/config/settings.py:23: PydanticDeprecatedSince20: Using extra keyword arguments on `Field` is deprecated and will be removed. Use `json_schema_extra` instead. (Extra keys: 'env'). Deprecated in Pydantic V2.0 to be removed in V3.0. See Pydantic V2 Migration Guide at https://errors.pydantic.dev/2.12/migration/\n    API_PORT: int = Field(default=8000, env=\"API_PORT\")\n\nconfig/settings.py:24\n  /Users/apple/Library/Mobile Documents/com~apple~CloudDocs/SProjects/myagent-continuous-ai-builder/config/settings.py:24: PydanticDeprecatedSince20: Using extra keyword arguments on `Field` is deprecated and will be removed. Use `json_schema_extra` instead. (Extra keys: 'env'). Deprecated in Pydantic V2.0 to be removed in V3.0. See Pydantic V2 Migration Guide at https://errors.pydantic.dev/2.12/migration/\n    API_WORKERS: int = Field(default=4, env=\"API_WORKERS\")\n\nconfig/settings.py:25\n  /Users/apple/Library/Mobile Documents/com~apple~CloudDocs/SProjects/myagent-continuous-ai-builder/config/settings.py:25: PydanticDeprecatedSince20: Using extra keyword arguments on `Field` is deprecated and will be removed. Use `json_schema_extra` instead. (Extra keys: 'env'). Deprecated in Pydantic V2.0 to be removed in V3.0. See Pydantic V2 Migration Guide at https://errors.pydantic.dev/2.12/migration/\n    CORS_ORIGINS: List[str] = Field(\n\nconfig/settings.py:31\n  /Users/apple/Library/Mobile Documents/com~apple~CloudDocs/SProjects/myagent-continuous-ai-builder/config/settings.py:31: PydanticDeprecatedSince20: Using extra keyword arguments on `Field` is deprecated and will be removed. Use `json_schema_extra` instead. (Extra keys: 'env'). Deprecated in Pydantic V2.0 to be removed in V3.0. See Pydantic V2 Migration Guide at https://errors.pydantic.dev/2.12/migration/\n    DATABASE_URL: str = Field(\n\nconfig/settings.py:35\n  /Users/apple/Library/Mobile Documents/com~apple~CloudDocs/SProjects/myagent-continuous-ai-builder/config/settings.py:35: PydanticDeprecatedSince20: Using extra keyword arguments on `Field` is deprecated and will be removed. Use `json_schema_extra` instead. (Extra keys: 'env'). Deprecated in Pydantic V2.0 to be removed in V3.0. See Pydantic V2 Migration Guide at https://errors.pydantic.dev/2.12/migration/\n    DATABASE_POOL_SIZE: int = Field(default=20, env=\"DATABASE_POOL_SIZE\")\n\nconfig/settings.py:36\n  /Users/apple/Library/Mobile Documents/com~apple~CloudDocs/SProjects/myagent-continuous-ai-builder/config/settings.py:36: PydanticDeprecatedSince20: Using extra keyword arguments on `Field` is deprecated and will be removed. Use `json_schema_extra` instead. (Extra keys: 'env'). Deprecated in Pydantic V2.0 to be removed in V3.0. See Pydantic V2 Migration Guide at https://errors.pydantic.dev/2.12/migration/\n    DATABASE_MAX_OVERFLOW: int = Field(default=10, env=\"DATABASE_MAX_OVERFLOW\")\n\nconfig/settings.py:39\n  /Users/apple/Library/Mobile Documents/com~apple~CloudDocs/SProjects/myagent-continuous-ai-builder/config/settings.py:39: PydanticDeprecatedSince20: Using extra keyword arguments on `Field` is deprecated and will be removed. Use `json_schema_extra` instead. (Extra keys: 'env'). Deprecated in Pydantic V2.0 to be removed in V3.0. See Pydantic V2 Migration Guide at https://errors.pydantic.dev/2.12/migration/\n    REDIS_URL: str = Field(default=\"redis://localhost:6379/0\", env=\"REDIS_URL\")\n\nconfig/settings.py:40\n  /Users/apple/Library/Mobile Documents/com~apple~CloudDocs/SProjects/myagent-continuous-ai-builder/config/settings.py:40: PydanticDeprecatedSince20: Using extra keyword arguments on `Field` is deprecated and will be removed. Use `json_schema_extra` instead. (Extra keys: 'env'). Deprecated in Pydantic V2.0 to be removed in V3.0. See Pydantic V2 Migration Guide at https://errors.pydantic.dev/2.12/migration/\n    REDIS_MAX_CONNECTIONS: int = Field(default=50, env=\"REDIS_MAX_CONNECTIONS\")\n\nconfig/settings.py:42\n  /Users/apple/Library/Mobile Documents/com~apple~CloudDocs/SProjects/myagent-continuous-ai-builder/config/settings.py:42: PydanticDeprecatedSince20: Pydantic V1 style `@validator` validators are deprecated. You should migrate to Pydantic V2 style `@field_validator` validators, see the migration guide for more details. Deprecated in Pydantic V2.0 to be removed in V3.0. See Pydantic V2 Migration Guide at https://errors.pydantic.dev/2.12/migration/\n    @validator(\"DATABASE_URL\", pre=True, always=True)\n\nconfig/settings.py:55\n  /Users/apple/Library/Mobile Documents/com~apple~CloudDocs/SProjects/myagent-continuous-ai-builder/config/settings.py:55: PydanticDeprecatedSince20: Using extra keyword arguments on `Field` is deprecated and will be removed. Use `json_schema_extra` instead. (Extra keys: 'env'). Deprecated in Pydantic V2.0 to be removed in V3.0. See Pydantic V2 Migration Guide at https://errors.pydantic.dev/2.12/migration/\n    CHROMADB_HOST: str = Field(default=\"localhost\", env=\"CHROMADB_HOST\")\n\nconfig/settings.py:56\n  /Users/apple/Library/Mobile Documents/com~apple~CloudDocs/SProjects/myagent-continuous-ai-builder/config/settings.py:56: PydanticDeprecatedSince20: Using extra keyword arguments on `Field` is deprecated and will be removed. Use `json_schema_extra` instead. (Extra keys: 'env'). Deprecated in Pydantic V2.0 to be removed in V3.0. See Pydantic V2 Migration Guide at https://errors.pydantic.dev/2.12/migration/\n    CHROMADB_PORT: int = Field(default=8000, env=\"CHROMADB_PORT\")\n\nconfig/settings.py:57\n  /Users/apple/Library/Mobile Documents/com~apple~CloudDocs/SProjects/myagent-continuous-ai-builder/config/settings.py:57: PydanticDeprecatedSince20: Using extra keyword arguments on `Field` is deprecated and will be removed. Use `json_schema_extra` instead. (Extra keys: 'env'). Deprecated in Pydantic V2.0 to be removed in V3.0. See Pydantic V2 Migration Guide at https://errors.pydantic.dev/2.12/migration/\n    CHROMADB_PATH: str = Field(\n\nconfig/settings.py:63\n  /Users/apple/Library/Mobile Documents/com~apple~CloudDocs/SProjects/myagent-continuous-ai-builder/config/settings.py:63: PydanticDeprecatedSince20: Using extra keyword arguments on `Field` is deprecated and will be removed. Use `json_schema_extra` instead. (Extra keys: 'env'). Deprecated in Pydantic V2.0 to be removed in V3.0. See Pydantic V2 Migration Guide at https://errors.pydantic.dev/2.12/migration/\n    OPENAI_API_KEY: Optional[str] = Field(default=None, env=\"OPENAI_API_KEY\")\n\nconfig/settings.py:64\n  /Users/apple/Library/Mobile Documents/com~apple~CloudDocs/SProjects/myagent-continuous-ai-builder/config/settings.py:64: PydanticDeprecatedSince20: Using extra keyword arguments on `Field` is deprecated and will be removed. Use `json_schema_extra` instead. (Extra keys: 'env'). Deprecated in Pydantic V2.0 to be removed in V3.0. See Pydantic V2 Migration Guide at https://errors.pydantic.dev/2.12/migration/\n    ANTHROPIC_API_KEY: Optional[str] = Field(default=None, env=\"ANTHROPIC_API_KEY\")\n\nconfig/settings.py:65\n  /Users/apple/Library/Mobile Documents/com~apple~CloudDocs/SProjects/myagent-continuous-ai-builder/config/settings.py:65: PydanticDeprecatedSince20: Using extra keyword arguments on `Field` is deprecated and will be removed. Use `json_schema_extra` instead. (Extra keys: 'env'). Deprecated in Pydantic V2.0 to be removed in V3.0. See Pydantic V2 Migration Guide at https://errors.pydantic.dev/2.12/migration/\n    OLLAMA_BASE_URL: str = Field(\n\nconfig/settings.py:71\n  /Users/apple/Library/Mobile Documents/com~apple~CloudDocs/SProjects/myagent-continuous-ai-builder/config/settings.py:71: PydanticDeprecatedSince20: Using extra keyword arguments on `Field` is deprecated and will be removed. Use `json_schema_extra` instead. (Extra keys: 'env'). Deprecated in Pydantic V2.0 to be removed in V3.0. See Pydantic V2 Migration Guide at https://errors.pydantic.dev/2.12/migration/\n    DEFAULT_LLM_PROVIDER: str = Field(default=\"openai\", env=\"DEFAULT_LLM_PROVIDER\")\n\nconfig/settings.py:72\n  /Users/apple/Library/Mobile Documents/com~apple~CloudDocs/SProjects/myagent-continuous-ai-builder/config/settings.py:72: PydanticDeprecatedSince20: Using extra keyword arguments on `Field` is deprecated and will be removed. Use `json_schema_extra` instead. (Extra keys: 'env'). Deprecated in Pydantic V2.0 to be removed in V3.0. See Pydantic V2 Migration Guide at https://errors.pydantic.dev/2.12/migration/\n    DEFAULT_MODEL: str = Field(default=\"gpt-5-chat-latest\", env=\"DEFAULT_MODEL\")\n\nconfig/settings.py:73\n  /Users/apple/Library/Mobile Documents/com~apple~CloudDocs/SProjects/myagent-continuous-ai-builder/config/settings.py:73: PydanticDeprecatedSince20: Using extra keyword arguments on `Field` is deprecated and will be removed. Use `json_schema_extra` instead. (Extra keys: 'env'). Deprecated in Pydantic V2.0 to be removed in V3.0. See Pydantic V2 Migration Guide at https://errors.pydantic.dev/2.12/migration/\n    LLM_TEMPERATURE: float = Field(default=0.7, env=\"LLM_TEMPERATURE\")\n\nconfig/settings.py:74\n  /Users/apple/Library/Mobile Documents/com~apple~CloudDocs/SProjects/myagent-continuous-ai-builder/config/settings.py:74: PydanticDeprecatedSince20: Using extra keyword arguments on `Field` is deprecated and will be removed. Use `json_schema_extra` instead. (Extra keys: 'env'). Deprecated in Pydantic V2.0 to be removed in V3.0. See Pydantic V2 Migration Guide at https://errors.pydantic.dev/2.12/migration/\n    LLM_MAX_TOKENS: int = Field(default=2000, env=\"LLM_MAX_TOKENS\")\n\nconfig/settings.py:77\n  /Users/apple/Library/Mobile Documents/com~apple~CloudDocs/SProjects/myagent-continuous-ai-builder/config/settings.py:77: PydanticDeprecatedSince20: Using extra keyword arguments on `Field` is deprecated and will be removed. Use `json_schema_extra` instead. (Extra keys: 'env'). Deprecated in Pydantic V2.0 to be removed in V3.0. See Pydantic V2 Migration Guide at https://errors.pydantic.dev/2.12/migration/\n    TARGET_TEST_COVERAGE: float = Field(default=95.0, env=\"TARGET_TEST_COVERAGE\")\n\nconfig/settings.py:78\n  /Users/apple/Library/Mobile Documents/com~apple~CloudDocs/SProjects/myagent-continuous-ai-builder/config/settings.py:78: PydanticDeprecatedSince20: Using extra keyword arguments on `Field` is deprecated and will be removed. Use `json_schema_extra` instead. (Extra keys: 'env'). Deprecated in Pydantic V2.0 to be removed in V3.0. See Pydantic V2 Migration Guide at https://errors.pydantic.dev/2.12/migration/\n    TARGET_PERFORMANCE_SCORE: float = Field(\n\nconfig/settings.py:82\n  /Users/apple/Library/Mobile Documents/com~apple~CloudDocs/SProjects/myagent-continuous-ai-builder/config/settings.py:82: PydanticDeprecatedSince20: Using extra keyword arguments on `Field` is deprecated and will be removed. Use `json_schema_extra` instead. (Extra keys: 'env'). Deprecated in Pydantic V2.0 to be removed in V3.0. See Pydantic V2 Migration Guide at https://errors.pydantic.dev/2.12/migration/\n    TARGET_DOCUMENTATION_COVERAGE: float = Field(\n\nconfig/settings.py:86\n  /Users/apple/Library/Mobile Documents/com~apple~CloudDocs/SProjects/myagent-continuous-ai-builder/config/settings.py:86: PydanticDeprecatedSince20: Using extra keyword arguments on `Field` is deprecated and will be removed. Use `json_schema_extra` instead. (Extra keys: 'env'). Deprecated in Pydantic V2.0 to be removed in V3.0. See Pydantic V2 Migration Guide at https://errors.pydantic.dev/2.12/migration/\n    TARGET_CODE_QUALITY_SCORE: float = Field(\n\nconfig/settings.py:90\n  /Users/apple/Library/Mobile Documents/com~apple~CloudDocs/SProjects/myagent-continuous-ai-builder/config/settings.py:90: PydanticDeprecatedSince20: Using extra keyword arguments on `Field` is deprecated and will be removed. Use `json_schema_extra` instead. (Extra keys: 'env'). Deprecated in Pydantic V2.0 to be removed in V3.0. See Pydantic V2 Migration Guide at https://errors.pydantic.dev/2.12/migration/\n    TARGET_SECURITY_SCORE: float = Field(default=95.0, env=\"TARGET_SECURITY_SCORE\")\n\nconfig/settings.py:91\n  /Users/apple/Library/Mobile Documents/com~apple~CloudDocs/SProjects/myagent-continuous-ai-builder/config/settings.py:91: PydanticDeprecatedSince20: Using extra keyword arguments on `Field` is deprecated and will be removed. Use `json_schema_extra` instead. (Extra keys: 'env'). Deprecated in Pydantic V2.0 to be removed in V3.0. See Pydantic V2 Migration Guide at https://errors.pydantic.dev/2.12/migration/\n    TARGET_USER_SATISFACTION: float = Field(\n\nconfig/settings.py:97\n  /Users/apple/Library/Mobile Documents/com~apple~CloudDocs/SProjects/myagent-continuous-ai-builder/config/settings.py:97: PydanticDeprecatedSince20: Using extra keyword arguments on `Field` is deprecated and will be removed. Use `json_schema_extra` instead. (Extra keys: 'env'). Deprecated in Pydantic V2.0 to be removed in V3.0. See Pydantic V2 Migration Guide at https://errors.pydantic.dev/2.12/migration/\n    MAX_AGENT_RETRIES: int = Field(default=3, env=\"MAX_AGENT_RETRIES\")\n\nconfig/settings.py:98\n  /Users/apple/Library/Mobile Documents/com~apple~CloudDocs/SProjects/myagent-continuous-ai-builder/config/settings.py:98: PydanticDeprecatedSince20: Using extra keyword arguments on `Field` is deprecated and will be removed. Use `json_schema_extra` instead. (Extra keys: 'env'). Deprecated in Pydantic V2.0 to be removed in V3.0. See Pydantic V2 Migration Guide at https://errors.pydantic.dev/2.12/migration/\n    AGENT_TIMEOUT_SECONDS: int = Field(default=300, env=\"AGENT_TIMEOUT_SECONDS\")\n\nconfig/settings.py:99\n  /Users/apple/Library/Mobile Documents/com~apple~CloudDocs/SProjects/myagent-continuous-ai-builder/config/settings.py:99: PydanticDeprecatedSince20: Using extra keyword arguments on `Field` is deprecated and will be removed. Use `json_schema_extra` instead. (Extra keys: 'env'). Deprecated in Pydantic V2.0 to be removed in V3.0. See Pydantic V2 Migration Guide at https://errors.pydantic.dev/2.12/migration/\n    CHECKPOINT_INTERVAL_HOURS: int = Field(\n\nconfig/settings.py:105\n  /Users/apple/Library/Mobile Documents/com~apple~CloudDocs/SProjects/myagent-continuous-ai-builder/config/settings.py:105: PydanticDeprecatedSince20: Using extra keyword arguments on `Field` is deprecated and will be removed. Use `json_schema_extra` instead. (Extra keys: 'env'). Deprecated in Pydantic V2.0 to be removed in V3.0. See Pydantic V2 Migration Guide at https://errors.pydantic.dev/2.12/migration/\n    PERSISTENCE_DIR: Path = Field(\n\nconfig/settings.py:109\n  /Users/apple/Library/Mobile Documents/com~apple~CloudDocs/SProjects/myagent-continuous-ai-builder/config/settings.py:109: PydanticDeprecatedSince20: Using extra keyword arguments on `Field` is deprecated and will be removed. Use `json_schema_extra` instead. (Extra keys: 'env'). Deprecated in Pydantic V2.0 to be removed in V3.0. See Pydantic V2 Migration Guide at https://errors.pydantic.dev/2.12/migration/\n    LOGS_DIR: Path = Field(default=Path(\"logs\"), env=\"LOGS_DIR\")\n\nconfig/settings.py:112\n  /Users/apple/Library/Mobile Documents/com~apple~CloudDocs/SProjects/myagent-continuous-ai-builder/config/settings.py:112: PydanticDeprecatedSince20: Using extra keyword arguments on `Field` is deprecated and will be removed. Use `json_schema_extra` instead. (Extra keys: 'env'). Deprecated in Pydantic V2.0 to be removed in V3.0. See Pydantic V2 Migration Guide at https://errors.pydantic.dev/2.12/migration/\n    SECRET_KEY: str = Field(\n\nconfig/settings.py:116\n  /Users/apple/Library/Mobile Documents/com~apple~CloudDocs/SProjects/myagent-continuous-ai-builder/config/settings.py:116: PydanticDeprecatedSince20: Using extra keyword arguments on `Field` is deprecated and will be removed. Use `json_schema_extra` instead. (Extra keys: 'env'). Deprecated in Pydantic V2.0 to be removed in V3.0. See Pydantic V2 Migration Guide at https://errors.pydantic.dev/2.12/migration/\n    JWT_ALGORITHM: str = Field(default=\"HS256\", env=\"JWT_ALGORITHM\")\n\nconfig/settings.py:117\n  /Users/apple/Library/Mobile Documents/com~apple~CloudDocs/SProjects/myagent-continuous-ai-builder/config/settings.py:117: PydanticDeprecatedSince20: Using extra keyword arguments on `Field` is deprecated and will be removed. Use `json_schema_extra` instead. (Extra keys: 'env'). Deprecated in Pydantic V2.0 to be removed in V3.0. See Pydantic V2 Migration Guide at https://errors.pydantic.dev/2.12/migration/\n    JWT_EXPIRATION_MINUTES: int = Field(\n\nconfig/settings.py:123\n  /Users/apple/Library/Mobile Documents/com~apple~CloudDocs/SProjects/myagent-continuous-ai-builder/config/settings.py:123: PydanticDeprecatedSince20: Using extra keyword arguments on `Field` is deprecated and will be removed. Use `json_schema_extra` instead. (Extra keys: 'env'). Deprecated in Pydantic V2.0 to be removed in V3.0. See Pydantic V2 Migration Guide at https://errors.pydantic.dev/2.12/migration/\n    RATE_LIMIT_PER_MINUTE: int = Field(default=100, env=\"RATE_LIMIT_PER_MINUTE\")\n\nconfig/settings.py:125\n  /Users/apple/Library/Mobile Documents/com~apple~CloudDocs/SProjects/myagent-continuous-ai-builder/config/settings.py:125: PydanticDeprecatedSince20: Pydantic V1 style `@validator` validators are deprecated. You should migrate to Pydantic V2 style `@field_validator` validators, see the migration guide for more details. Deprecated in Pydantic V2.0 to be removed in V3.0. See Pydantic V2 Migration Guide at https://errors.pydantic.dev/2.12/migration/\n    @validator(\"CORS_ORIGINS\", pre=True)\n\nconfig/settings.py:132\n  /Users/apple/Library/Mobile Documents/com~apple~CloudDocs/SProjects/myagent-continuous-ai-builder/config/settings.py:132: PydanticDeprecatedSince20: Pydantic V1 style `@validator` validators are deprecated. You should migrate to Pydantic V2 style `@field_validator` validators, see the migration guide for more details. Deprecated in Pydantic V2.0 to be removed in V3.0. See Pydantic V2 Migration Guide at https://errors.pydantic.dev/2.12/migration/\n    @validator(\"PERSISTENCE_DIR\", \"LOGS_DIR\", pre=True)\n\nconfig/settings.py:13\n  /Users/apple/Library/Mobile Documents/com~apple~CloudDocs/SProjects/myagent-continuous-ai-builder/config/settings.py:13: PydanticDeprecatedSince20: Support for class-based `config` is deprecated, use ConfigDict instead. Deprecated in Pydantic V2.0 to be removed in V3.0. See Pydantic V2 Migration Guide at https://errors.pydantic.dev/2.12/migration/\n    class Settings(BaseSettings):\n\n-- Docs: https://docs.pytest.org/en/stable/how-to/capture-warnings.html\n=========================== short test summary info ============================\nERROR tests/integration/test_multi_agent_coordination.py\n!!!!!!!!!!!!!!!!!!!! Interrupted: 1 error during collection !!!!!!!!!!!!!!!!!!!!\n======================== 41 warnings, 1 error in 1.01s =========================\n",
      "stderr": "/Users/apple/Library/Python/3.9/lib/python/site-packages/urllib3/__init__.py:35: NotOpenSSLWarning: urllib3 v2 only supports OpenSSL 1.1.1+, currently the 'ssl' module is compiled with 'LibreSSL 2.8.3'. See: https://github.com/urllib3/urllib3/issues/3020\n  warnings.warn(\n",
      "command": "/Library/Developer/CommandLineTools/usr/bin/python3 -m pytest tests/integration/ -m integration -v"
    },
    "system": {
      "category": "system",
      "status": "FAILED",
      "duration": 37.75859713554382,
      "returncode": 5,
      "stdout": "============================= test session starts ==============================\nplatform darwin -- Python 3.9.6, pytest-8.4.2, pluggy-1.6.0 -- /Library/Developer/CommandLineTools/usr/bin/python3\ncachedir: .pytest_cache\nrootdir: /Users/apple/Library/Mobile Documents/com~apple~CloudDocs/SProjects/myagent-continuous-ai-builder\nconfigfile: pytest.ini\nplugins: asyncio-0.23.5, anyio-4.12.0, langsmith-0.4.37, cov-4.1.0\nasyncio: mode=strict\ncollecting ... collected 38 items / 38 deselected / 0 selected\n\n=============================== warnings summary ===============================\n../../../../Python/3.9/lib/python/site-packages/jupyter_client/connect.py:22\n  /Users/apple/Library/Python/3.9/lib/python/site-packages/jupyter_client/connect.py:22: DeprecationWarning: Jupyter is migrating its paths to use standard platformdirs\n  given by the platformdirs library.  To remove this warning and\n  see the appropriate new directories, set the environment variable\n  `JUPYTER_PLATFORM_DIRS=1` and then run `jupyter --paths`.\n  The use of platformdirs will be the default in `jupyter_core` v6\n    from jupyter_core.paths import jupyter_data_dir, jupyter_runtime_dir, secure_write\n\n../../../../Python/3.9/lib/python/site-packages/torch/nn/modules/transformer.py:20\n  /Users/apple/Library/Python/3.9/lib/python/site-packages/torch/nn/modules/transformer.py:20: UserWarning: Failed to initialize NumPy: _ARRAY_API not found (Triggered internally at /Users/runner/work/pytorch/pytorch/pytorch/torch/csrc/utils/tensor_numpy.cpp:84.)\n    device: torch.device = torch.device(torch._C._get_default_device()),  # torch.device('cpu'),\n\nconfig/settings.py:19\n  /Users/apple/Library/Mobile Documents/com~apple~CloudDocs/SProjects/myagent-continuous-ai-builder/config/settings.py:19: PydanticDeprecatedSince20: Using extra keyword arguments on `Field` is deprecated and will be removed. Use `json_schema_extra` instead. (Extra keys: 'env'). Deprecated in Pydantic V2.0 to be removed in V3.0. See Pydantic V2 Migration Guide at https://errors.pydantic.dev/2.12/migration/\n    DEBUG: bool = Field(default=False, env=\"DEBUG\")\n\nconfig/settings.py:22\n  /Users/apple/Library/Mobile Documents/com~apple~CloudDocs/SProjects/myagent-continuous-ai-builder/config/settings.py:22: PydanticDeprecatedSince20: Using extra keyword arguments on `Field` is deprecated and will be removed. Use `json_schema_extra` instead. (Extra keys: 'env'). Deprecated in Pydantic V2.0 to be removed in V3.0. See Pydantic V2 Migration Guide at https://errors.pydantic.dev/2.12/migration/\n    API_HOST: str = Field(default=\"0.0.0.0\", env=\"API_HOST\")\n\nconfig/settings.py:23\n  /Users/apple/Library/Mobile Documents/com~apple~CloudDocs/SProjects/myagent-continuous-ai-builder/config/settings.py:23: PydanticDeprecatedSince20: Using extra keyword arguments on `Field` is deprecated and will be removed. Use `json_schema_extra` instead. (Extra keys: 'env'). Deprecated in Pydantic V2.0 to be removed in V3.0. See Pydantic V2 Migration Guide at https://errors.pydantic.dev/2.12/migration/\n    API_PORT: int = Field(default=8000, env=\"API_PORT\")\n\nconfig/settings.py:24\n  /Users/apple/Library/Mobile Documents/com~apple~CloudDocs/SProjects/myagent-continuous-ai-builder/config/settings.py:24: PydanticDeprecatedSince20: Using extra keyword arguments on `Field` is deprecated and will be removed. Use `json_schema_extra` instead. (Extra keys: 'env'). Deprecated in Pydantic V2.0 to be removed in V3.0. See Pydantic V2 Migration Guide at https://errors.pydantic.dev/2.12/migration/\n    API_WORKERS: int = Field(default=4, env=\"API_WORKERS\")\n\nconfig/settings.py:25\n  /Users/apple/Library/Mobile Documents/com~apple~CloudDocs/SProjects/myagent-continuous-ai-builder/config/settings.py:25: PydanticDeprecatedSince20: Using extra keyword arguments on `Field` is deprecated and will be removed. Use `json_schema_extra` instead. (Extra keys: 'env'). Deprecated in Pydantic V2.0 to be removed in V3.0. See Pydantic V2 Migration Guide at https://errors.pydantic.dev/2.12/migration/\n    CORS_ORIGINS: List[str] = Field(\n\nconfig/settings.py:31\n  /Users/apple/Library/Mobile Documents/com~apple~CloudDocs/SProjects/myagent-continuous-ai-builder/config/settings.py:31: PydanticDeprecatedSince20: Using extra keyword arguments on `Field` is deprecated and will be removed. Use `json_schema_extra` instead. (Extra keys: 'env'). Deprecated in Pydantic V2.0 to be removed in V3.0. See Pydantic V2 Migration Guide at https://errors.pydantic.dev/2.12/migration/\n    DATABASE_URL: str = Field(\n\nconfig/settings.py:35\n  /Users/apple/Library/Mobile Documents/com~apple~CloudDocs/SProjects/myagent-continuous-ai-builder/config/settings.py:35: PydanticDeprecatedSince20: Using extra keyword arguments on `Field` is deprecated and will be removed. Use `json_schema_extra` instead. (Extra keys: 'env'). Deprecated in Pydantic V2.0 to be removed in V3.0. See Pydantic V2 Migration Guide at https://errors.pydantic.dev/2.12/migration/\n    DATABASE_POOL_SIZE: int = Field(default=20, env=\"DATABASE_POOL_SIZE\")\n\nconfig/settings.py:36\n  /Users/apple/Library/Mobile Documents/com~apple~CloudDocs/SProjects/myagent-continuous-ai-builder/config/settings.py:36: PydanticDeprecatedSince20: Using extra keyword arguments on `Field` is deprecated and will be removed. Use `json_schema_extra` instead. (Extra keys: 'env'). Deprecated in Pydantic V2.0 to be removed in V3.0. See Pydantic V2 Migration Guide at https://errors.pydantic.dev/2.12/migration/\n    DATABASE_MAX_OVERFLOW: int = Field(default=10, env=\"DATABASE_MAX_OVERFLOW\")\n\nconfig/settings.py:39\n  /Users/apple/Library/Mobile Documents/com~apple~CloudDocs/SProjects/myagent-continuous-ai-builder/config/settings.py:39: PydanticDeprecatedSince20: Using extra keyword arguments on `Field` is deprecated and will be removed. Use `json_schema_extra` instead. (Extra keys: 'env'). Deprecated in Pydantic V2.0 to be removed in V3.0. See Pydantic V2 Migration Guide at https://errors.pydantic.dev/2.12/migration/\n    REDIS_URL: str = Field(default=\"redis://localhost:6379/0\", env=\"REDIS_URL\")\n\nconfig/settings.py:40\n  /Users/apple/Library/Mobile Documents/com~apple~CloudDocs/SProjects/myagent-continuous-ai-builder/config/settings.py:40: PydanticDeprecatedSince20: Using extra keyword arguments on `Field` is deprecated and will be removed. Use `json_schema_extra` instead. (Extra keys: 'env'). Deprecated in Pydantic V2.0 to be removed in V3.0. See Pydantic V2 Migration Guide at https://errors.pydantic.dev/2.12/migration/\n    REDIS_MAX_CONNECTIONS: int = Field(default=50, env=\"REDIS_MAX_CONNECTIONS\")\n\nconfig/settings.py:42\n  /Users/apple/Library/Mobile Documents/com~apple~CloudDocs/SProjects/myagent-continuous-ai-builder/config/settings.py:42: PydanticDeprecatedSince20: Pydantic V1 style `@validator` validators are deprecated. You should migrate to Pydantic V2 style `@field_validator` validators, see the migration guide for more details. Deprecated in Pydantic V2.0 to be removed in V3.0. See Pydantic V2 Migration Guide at https://errors.pydantic.dev/2.12/migration/\n    @validator(\"DATABASE_URL\", pre=True, always=True)\n\nconfig/settings.py:55\n  /Users/apple/Library/Mobile Documents/com~apple~CloudDocs/SProjects/myagent-continuous-ai-builder/config/settings.py:55: PydanticDeprecatedSince20: Using extra keyword arguments on `Field` is deprecated and will be removed. Use `json_schema_extra` instead. (Extra keys: 'env'). Deprecated in Pydantic V2.0 to be removed in V3.0. See Pydantic V2 Migration Guide at https://errors.pydantic.dev/2.12/migration/\n    CHROMADB_HOST: str = Field(default=\"localhost\", env=\"CHROMADB_HOST\")\n\nconfig/settings.py:56\n  /Users/apple/Library/Mobile Documents/com~apple~CloudDocs/SProjects/myagent-continuous-ai-builder/config/settings.py:56: PydanticDeprecatedSince20: Using extra keyword arguments on `Field` is deprecated and will be removed. Use `json_schema_extra` instead. (Extra keys: 'env'). Deprecated in Pydantic V2.0 to be removed in V3.0. See Pydantic V2 Migration Guide at https://errors.pydantic.dev/2.12/migration/\n    CHROMADB_PORT: int = Field(default=8000, env=\"CHROMADB_PORT\")\n\nconfig/settings.py:57\n  /Users/apple/Library/Mobile Documents/com~apple~CloudDocs/SProjects/myagent-continuous-ai-builder/config/settings.py:57: PydanticDeprecatedSince20: Using extra keyword arguments on `Field` is deprecated and will be removed. Use `json_schema_extra` instead. (Extra keys: 'env'). Deprecated in Pydantic V2.0 to be removed in V3.0. See Pydantic V2 Migration Guide at https://errors.pydantic.dev/2.12/migration/\n    CHROMADB_PATH: str = Field(\n\nconfig/settings.py:63\n  /Users/apple/Library/Mobile Documents/com~apple~CloudDocs/SProjects/myagent-continuous-ai-builder/config/settings.py:63: PydanticDeprecatedSince20: Using extra keyword arguments on `Field` is deprecated and will be removed. Use `json_schema_extra` instead. (Extra keys: 'env'). Deprecated in Pydantic V2.0 to be removed in V3.0. See Pydantic V2 Migration Guide at https://errors.pydantic.dev/2.12/migration/\n    OPENAI_API_KEY: Optional[str] = Field(default=None, env=\"OPENAI_API_KEY\")\n\nconfig/settings.py:64\n  /Users/apple/Library/Mobile Documents/com~apple~CloudDocs/SProjects/myagent-continuous-ai-builder/config/settings.py:64: PydanticDeprecatedSince20: Using extra keyword arguments on `Field` is deprecated and will be removed. Use `json_schema_extra` instead. (Extra keys: 'env'). Deprecated in Pydantic V2.0 to be removed in V3.0. See Pydantic V2 Migration Guide at https://errors.pydantic.dev/2.12/migration/\n    ANTHROPIC_API_KEY: Optional[str] = Field(default=None, env=\"ANTHROPIC_API_KEY\")\n\nconfig/settings.py:65\n  /Users/apple/Library/Mobile Documents/com~apple~CloudDocs/SProjects/myagent-continuous-ai-builder/config/settings.py:65: PydanticDeprecatedSince20: Using extra keyword arguments on `Field` is deprecated and will be removed. Use `json_schema_extra` instead. (Extra keys: 'env'). Deprecated in Pydantic V2.0 to be removed in V3.0. See Pydantic V2 Migration Guide at https://errors.pydantic.dev/2.12/migration/\n    OLLAMA_BASE_URL: str = Field(\n\nconfig/settings.py:71\n  /Users/apple/Library/Mobile Documents/com~apple~CloudDocs/SProjects/myagent-continuous-ai-builder/config/settings.py:71: PydanticDeprecatedSince20: Using extra keyword arguments on `Field` is deprecated and will be removed. Use `json_schema_extra` instead. (Extra keys: 'env'). Deprecated in Pydantic V2.0 to be removed in V3.0. See Pydantic V2 Migration Guide at https://errors.pydantic.dev/2.12/migration/\n    DEFAULT_LLM_PROVIDER: str = Field(default=\"openai\", env=\"DEFAULT_LLM_PROVIDER\")\n\nconfig/settings.py:72\n  /Users/apple/Library/Mobile Documents/com~apple~CloudDocs/SProjects/myagent-continuous-ai-builder/config/settings.py:72: PydanticDeprecatedSince20: Using extra keyword arguments on `Field` is deprecated and will be removed. Use `json_schema_extra` instead. (Extra keys: 'env'). Deprecated in Pydantic V2.0 to be removed in V3.0. See Pydantic V2 Migration Guide at https://errors.pydantic.dev/2.12/migration/\n    DEFAULT_MODEL: str = Field(default=\"gpt-5-chat-latest\", env=\"DEFAULT_MODEL\")\n\nconfig/settings.py:73\n  /Users/apple/Library/Mobile Documents/com~apple~CloudDocs/SProjects/myagent-continuous-ai-builder/config/settings.py:73: PydanticDeprecatedSince20: Using extra keyword arguments on `Field` is deprecated and will be removed. Use `json_schema_extra` instead. (Extra keys: 'env'). Deprecated in Pydantic V2.0 to be removed in V3.0. See Pydantic V2 Migration Guide at https://errors.pydantic.dev/2.12/migration/\n    LLM_TEMPERATURE: float = Field(default=0.7, env=\"LLM_TEMPERATURE\")\n\nconfig/settings.py:74\n  /Users/apple/Library/Mobile Documents/com~apple~CloudDocs/SProjects/myagent-continuous-ai-builder/config/settings.py:74: PydanticDeprecatedSince20: Using extra keyword arguments on `Field` is deprecated and will be removed. Use `json_schema_extra` instead. (Extra keys: 'env'). Deprecated in Pydantic V2.0 to be removed in V3.0. See Pydantic V2 Migration Guide at https://errors.pydantic.dev/2.12/migration/\n    LLM_MAX_TOKENS: int = Field(default=2000, env=\"LLM_MAX_TOKENS\")\n\nconfig/settings.py:77\n  /Users/apple/Library/Mobile Documents/com~apple~CloudDocs/SProjects/myagent-continuous-ai-builder/config/settings.py:77: PydanticDeprecatedSince20: Using extra keyword arguments on `Field` is deprecated and will be removed. Use `json_schema_extra` instead. (Extra keys: 'env'). Deprecated in Pydantic V2.0 to be removed in V3.0. See Pydantic V2 Migration Guide at https://errors.pydantic.dev/2.12/migration/\n    TARGET_TEST_COVERAGE: float = Field(default=95.0, env=\"TARGET_TEST_COVERAGE\")\n\nconfig/settings.py:78\n  /Users/apple/Library/Mobile Documents/com~apple~CloudDocs/SProjects/myagent-continuous-ai-builder/config/settings.py:78: PydanticDeprecatedSince20: Using extra keyword arguments on `Field` is deprecated and will be removed. Use `json_schema_extra` instead. (Extra keys: 'env'). Deprecated in Pydantic V2.0 to be removed in V3.0. See Pydantic V2 Migration Guide at https://errors.pydantic.dev/2.12/migration/\n    TARGET_PERFORMANCE_SCORE: float = Field(\n\nconfig/settings.py:82\n  /Users/apple/Library/Mobile Documents/com~apple~CloudDocs/SProjects/myagent-continuous-ai-builder/config/settings.py:82: PydanticDeprecatedSince20: Using extra keyword arguments on `Field` is deprecated and will be removed. Use `json_schema_extra` instead. (Extra keys: 'env'). Deprecated in Pydantic V2.0 to be removed in V3.0. See Pydantic V2 Migration Guide at https://errors.pydantic.dev/2.12/migration/\n    TARGET_DOCUMENTATION_COVERAGE: float = Field(\n\nconfig/settings.py:86\n  /Users/apple/Library/Mobile Documents/com~apple~CloudDocs/SProjects/myagent-continuous-ai-builder/config/settings.py:86: PydanticDeprecatedSince20: Using extra keyword arguments on `Field` is deprecated and will be removed. Use `json_schema_extra` instead. (Extra keys: 'env'). Deprecated in Pydantic V2.0 to be removed in V3.0. See Pydantic V2 Migration Guide at https://errors.pydantic.dev/2.12/migration/\n    TARGET_CODE_QUALITY_SCORE: float = Field(\n\nconfig/settings.py:90\n  /Users/apple/Library/Mobile Documents/com~apple~CloudDocs/SProjects/myagent-continuous-ai-builder/config/settings.py:90: PydanticDeprecatedSince20: Using extra keyword arguments on `Field` is deprecated and will be removed. Use `json_schema_extra` instead. (Extra keys: 'env'). Deprecated in Pydantic V2.0 to be removed in V3.0. See Pydantic V2 Migration Guide at https://errors.pydantic.dev/2.12/migration/\n    TARGET_SECURITY_SCORE: float = Field(default=95.0, env=\"TARGET_SECURITY_SCORE\")\n\nconfig/settings.py:91\n  /Users/apple/Library/Mobile Documents/com~apple~CloudDocs/SProjects/myagent-continuous-ai-builder/config/settings.py:91: PydanticDeprecatedSince20: Using extra keyword arguments on `Field` is deprecated and will be removed. Use `json_schema_extra` instead. (Extra keys: 'env'). Deprecated in Pydantic V2.0 to be removed in V3.0. See Pydantic V2 Migration Guide at https://errors.pydantic.dev/2.12/migration/\n    TARGET_USER_SATISFACTION: float = Field(\n\nconfig/settings.py:97\n  /Users/apple/Library/Mobile Documents/com~apple~CloudDocs/SProjects/myagent-continuous-ai-builder/config/settings.py:97: PydanticDeprecatedSince20: Using extra keyword arguments on `Field` is deprecated and will be removed. Use `json_schema_extra` instead. (Extra keys: 'env'). Deprecated in Pydantic V2.0 to be removed in V3.0. See Pydantic V2 Migration Guide at https://errors.pydantic.dev/2.12/migration/\n    MAX_AGENT_RETRIES: int = Field(default=3, env=\"MAX_AGENT_RETRIES\")\n\nconfig/settings.py:98\n  /Users/apple/Library/Mobile Documents/com~apple~CloudDocs/SProjects/myagent-continuous-ai-builder/config/settings.py:98: PydanticDeprecatedSince20: Using extra keyword arguments on `Field` is deprecated and will be removed. Use `json_schema_extra` instead. (Extra keys: 'env'). Deprecated in Pydantic V2.0 to be removed in V3.0. See Pydantic V2 Migration Guide at https://errors.pydantic.dev/2.12/migration/\n    AGENT_TIMEOUT_SECONDS: int = Field(default=300, env=\"AGENT_TIMEOUT_SECONDS\")\n\nconfig/settings.py:99\n  /Users/apple/Library/Mobile Documents/com~apple~CloudDocs/SProjects/myagent-continuous-ai-builder/config/settings.py:99: PydanticDeprecatedSince20: Using extra keyword arguments on `Field` is deprecated and will be removed. Use `json_schema_extra` instead. (Extra keys: 'env'). Deprecated in Pydantic V2.0 to be removed in V3.0. See Pydantic V2 Migration Guide at https://errors.pydantic.dev/2.12/migration/\n    CHECKPOINT_INTERVAL_HOURS: int = Field(\n\nconfig/settings.py:105\n  /Users/apple/Library/Mobile Documents/com~apple~CloudDocs/SProjects/myagent-continuous-ai-builder/config/settings.py:105: PydanticDeprecatedSince20: Using extra keyword arguments on `Field` is deprecated and will be removed. Use `json_schema_extra` instead. (Extra keys: 'env'). Deprecated in Pydantic V2.0 to be removed in V3.0. See Pydantic V2 Migration Guide at https://errors.pydantic.dev/2.12/migration/\n    PERSISTENCE_DIR: Path = Field(\n\nconfig/settings.py:109\n  /Users/apple/Library/Mobile Documents/com~apple~CloudDocs/SProjects/myagent-continuous-ai-builder/config/settings.py:109: PydanticDeprecatedSince20: Using extra keyword arguments on `Field` is deprecated and will be removed. Use `json_schema_extra` instead. (Extra keys: 'env'). Deprecated in Pydantic V2.0 to be removed in V3.0. See Pydantic V2 Migration Guide at https://errors.pydantic.dev/2.12/migration/\n    LOGS_DIR: Path = Field(default=Path(\"logs\"), env=\"LOGS_DIR\")\n\nconfig/settings.py:112\n  /Users/apple/Library/Mobile Documents/com~apple~CloudDocs/SProjects/myagent-continuous-ai-builder/config/settings.py:112: PydanticDeprecatedSince20: Using extra keyword arguments on `Field` is deprecated and will be removed. Use `json_schema_extra` instead. (Extra keys: 'env'). Deprecated in Pydantic V2.0 to be removed in V3.0. See Pydantic V2 Migration Guide at https://errors.pydantic.dev/2.12/migration/\n    SECRET_KEY: str = Field(\n\nconfig/settings.py:116\n  /Users/apple/Library/Mobile Documents/com~apple~CloudDocs/SProjects/myagent-continuous-ai-builder/config/settings.py:116: PydanticDeprecatedSince20: Using extra keyword arguments on `Field` is deprecated and will be removed. Use `json_schema_extra` instead. (Extra keys: 'env'). Deprecated in Pydantic V2.0 to be removed in V3.0. See Pydantic V2 Migration Guide at https://errors.pydantic.dev/2.12/migration/\n    JWT_ALGORITHM: str = Field(default=\"HS256\", env=\"JWT_ALGORITHM\")\n\nconfig/settings.py:117\n  /Users/apple/Library/Mobile Documents/com~apple~CloudDocs/SProjects/myagent-continuous-ai-builder/config/settings.py:117: PydanticDeprecatedSince20: Using extra keyword arguments on `Field` is deprecated and will be removed. Use `json_schema_extra` instead. (Extra keys: 'env'). Deprecated in Pydantic V2.0 to be removed in V3.0. See Pydantic V2 Migration Guide at https://errors.pydantic.dev/2.12/migration/\n    JWT_EXPIRATION_MINUTES: int = Field(\n\nconfig/settings.py:123\n  /Users/apple/Library/Mobile Documents/com~apple~CloudDocs/SProjects/myagent-continuous-ai-builder/config/settings.py:123: PydanticDeprecatedSince20: Using extra keyword arguments on `Field` is deprecated and will be removed. Use `json_schema_extra` instead. (Extra keys: 'env'). Deprecated in Pydantic V2.0 to be removed in V3.0. See Pydantic V2 Migration Guide at https://errors.pydantic.dev/2.12/migration/\n    RATE_LIMIT_PER_MINUTE: int = Field(default=100, env=\"RATE_LIMIT_PER_MINUTE\")\n\nconfig/settings.py:125\n  /Users/apple/Library/Mobile Documents/com~apple~CloudDocs/SProjects/myagent-continuous-ai-builder/config/settings.py:125: PydanticDeprecatedSince20: Pydantic V1 style `@validator` validators are deprecated. You should migrate to Pydantic V2 style `@field_validator` validators, see the migration guide for more details. Deprecated in Pydantic V2.0 to be removed in V3.0. See Pydantic V2 Migration Guide at https://errors.pydantic.dev/2.12/migration/\n    @validator(\"CORS_ORIGINS\", pre=True)\n\nconfig/settings.py:132\n  /Users/apple/Library/Mobile Documents/com~apple~CloudDocs/SProjects/myagent-continuous-ai-builder/config/settings.py:132: PydanticDeprecatedSince20: Pydantic V1 style `@validator` validators are deprecated. You should migrate to Pydantic V2 style `@field_validator` validators, see the migration guide for more details. Deprecated in Pydantic V2.0 to be removed in V3.0. See Pydantic V2 Migration Guide at https://errors.pydantic.dev/2.12/migration/\n    @validator(\"PERSISTENCE_DIR\", \"LOGS_DIR\", pre=True)\n\nconfig/settings.py:13\n  /Users/apple/Library/Mobile Documents/com~apple~CloudDocs/SProjects/myagent-continuous-ai-builder/config/settings.py:13: PydanticDeprecatedSince20: Support for class-based `config` is deprecated, use ConfigDict instead. Deprecated in Pydantic V2.0 to be removed in V3.0. See Pydantic V2 Migration Guide at https://errors.pydantic.dev/2.12/migration/\n    class Settings(BaseSettings):\n\ntests/system/test_api_performance.py:308\n  /Users/apple/Library/Mobile Documents/com~apple~CloudDocs/SProjects/myagent-continuous-ai-builder/tests/system/test_api_performance.py:308: PytestUnknownMarkWarning: Unknown pytest.mark.performance - is this a typo?  You can register custom marks to avoid this warning - for details, see https://docs.pytest.org/en/stable/how-to/mark.html\n    @pytest.mark.performance\n\ntests/system/test_api_performance.py:461\n  /Users/apple/Library/Mobile Documents/com~apple~CloudDocs/SProjects/myagent-continuous-ai-builder/tests/system/test_api_performance.py:461: PytestUnknownMarkWarning: Unknown pytest.mark.performance - is this a typo?  You can register custom marks to avoid this warning - for details, see https://docs.pytest.org/en/stable/how-to/mark.html\n    @pytest.mark.performance\n\ntests/system/test_api_performance.py:462\n  /Users/apple/Library/Mobile Documents/com~apple~CloudDocs/SProjects/myagent-continuous-ai-builder/tests/system/test_api_performance.py:462: PytestUnknownMarkWarning: Unknown pytest.mark.benchmark - is this a typo?  You can register custom marks to avoid this warning - for details, see https://docs.pytest.org/en/stable/how-to/mark.html\n    @pytest.mark.benchmark\n\ntests/system/test_database_performance.py:426\n  /Users/apple/Library/Mobile Documents/com~apple~CloudDocs/SProjects/myagent-continuous-ai-builder/tests/system/test_database_performance.py:426: PytestUnknownMarkWarning: Unknown pytest.mark.performance - is this a typo?  You can register custom marks to avoid this warning - for details, see https://docs.pytest.org/en/stable/how-to/mark.html\n    @pytest.mark.performance\n\ntests/system/test_database_performance.py:427\n  /Users/apple/Library/Mobile Documents/com~apple~CloudDocs/SProjects/myagent-continuous-ai-builder/tests/system/test_database_performance.py:427: PytestUnknownMarkWarning: Unknown pytest.mark.database - is this a typo?  You can register custom marks to avoid this warning - for details, see https://docs.pytest.org/en/stable/how-to/mark.html\n    @pytest.mark.database\n\ntests/system/test_e2e_calculator_build.py:12\n  /Users/apple/Library/Mobile Documents/com~apple~CloudDocs/SProjects/myagent-continuous-ai-builder/tests/system/test_e2e_calculator_build.py:12: PytestUnknownMarkWarning: Unknown pytest.mark.e2e - is this a typo?  You can register custom marks to avoid this warning - for details, see https://docs.pytest.org/en/stable/how-to/mark.html\n    @pytest.mark.e2e\n\n-- Docs: https://docs.pytest.org/en/stable/how-to/capture-warnings.html\n===================== 38 deselected, 47 warnings in 4.28s ======================\n",
      "stderr": "/Users/apple/Library/Python/3.9/lib/python/site-packages/urllib3/__init__.py:35: NotOpenSSLWarning: urllib3 v2 only supports OpenSSL 1.1.1+, currently the 'ssl' module is compiled with 'LibreSSL 2.8.3'. See: https://github.com/urllib3/urllib3/issues/3020\n  warnings.warn(\n",
      "command": "/Library/Developer/CommandLineTools/usr/bin/python3 -m pytest tests/system/ -m system -v"
    },
    "e2e": {
      "category": "e2e",
      "status": "SKIPPED",
      "reason": "Directory not found"
    },
    "performance": {
      "category": "performance",
      "status": "FAILED",
      "duration": 482.39483880996704,
      "returncode": 4,
      "stdout": "\u001b[32m2025-11-29 18:37:21\u001b[0m | \u001b[1mINFO    \u001b[0m | \u001b[36mconfig.logging_config\u001b[0m:\u001b[36msetup_logging\u001b[0m:\u001b[36m100\u001b[0m - \u001b[1mLogging configured: level=INFO, file_logging=True\u001b[0m\n",
      "stderr": "/Users/apple/Library/Python/3.9/lib/python/site-packages/urllib3/__init__.py:35: NotOpenSSLWarning: urllib3 v2 only supports OpenSSL 1.1.1+, currently the 'ssl' module is compiled with 'LibreSSL 2.8.3'. See: https://github.com/urllib3/urllib3/issues/3020\n  warnings.warn(\n\nA module that was compiled using NumPy 1.x cannot be run in\nNumPy 2.0.2 as it may crash. To support both 1.x and 2.x\nversions of NumPy, modules must be compiled with NumPy 2.0.\nSome module may need to rebuild instead e.g. with 'pybind11>=2.12'.\n\nIf you are a user of the module, the easiest solution will be to\ndowngrade to 'numpy<2' or try to upgrade the affected module.\nWe expect that some modules will need time to support NumPy 2.\n\nTraceback (most recent call last):  File \"/Library/Developer/CommandLineTools/Library/Frameworks/Python3.framework/Versions/3.9/lib/python3.9/runpy.py\", line 197, in _run_module_as_main\n    return _run_code(code, main_globals, None,\n  File \"/Library/Developer/CommandLineTools/Library/Frameworks/Python3.framework/Versions/3.9/lib/python3.9/runpy.py\", line 87, in _run_code\n    exec(code, run_globals)\n  File \"/Users/apple/Library/Python/3.9/lib/python/site-packages/pytest/__main__.py\", line 9, in <module>\n    raise SystemExit(pytest.console_main())\n  File \"/Users/apple/Library/Python/3.9/lib/python/site-packages/_pytest/config/__init__.py\", line 201, in console_main\n    code = main()\n  File \"/Users/apple/Library/Python/3.9/lib/python/site-packages/_pytest/config/__init__.py\", line 156, in main\n    config = _prepareconfig(args, plugins)\n  File \"/Users/apple/Library/Python/3.9/lib/python/site-packages/_pytest/config/__init__.py\", line 342, in _prepareconfig\n    config = pluginmanager.hook.pytest_cmdline_parse(\n  File \"/Users/apple/Library/Python/3.9/lib/python/site-packages/pluggy/_hooks.py\", line 512, in __call__\n    return self._hookexec(self.name, self._hookimpls.copy(), kwargs, firstresult)\n  File \"/Users/apple/Library/Python/3.9/lib/python/site-packages/pluggy/_manager.py\", line 120, in _hookexec\n    return self._inner_hookexec(hook_name, methods, kwargs, firstresult)\n  File \"/Users/apple/Library/Python/3.9/lib/python/site-packages/pluggy/_callers.py\", line 121, in _multicall\n    res = hook_impl.function(*args)\n  File \"/Users/apple/Library/Python/3.9/lib/python/site-packages/_pytest/config/__init__.py\", line 1146, in pytest_cmdline_parse\n    self.parse(args)\n  File \"/Users/apple/Library/Python/3.9/lib/python/site-packages/_pytest/config/__init__.py\", line 1527, in parse\n    self._preparse(args, addopts=addopts)\n  File \"/Users/apple/Library/Python/3.9/lib/python/site-packages/_pytest/config/__init__.py\", line 1431, in _preparse\n    self.hook.pytest_load_initial_conftests(\n  File \"/Users/apple/Library/Python/3.9/lib/python/site-packages/pluggy/_hooks.py\", line 512, in __call__\n    return self._hookexec(self.name, self._hookimpls.copy(), kwargs, firstresult)\n  File \"/Users/apple/Library/Python/3.9/lib/python/site-packages/pluggy/_manager.py\", line 120, in _hookexec\n    return self._inner_hookexec(hook_name, methods, kwargs, firstresult)\n  File \"/Users/apple/Library/Python/3.9/lib/python/site-packages/pluggy/_callers.py\", line 121, in _multicall\n    res = hook_impl.function(*args)\n  File \"/Users/apple/Library/Python/3.9/lib/python/site-packages/_pytest/config/__init__.py\", line 1228, in pytest_load_initial_conftests\n    self.pluginmanager._set_initial_conftests(\n  File \"/Users/apple/Library/Python/3.9/lib/python/site-packages/_pytest/config/__init__.py\", line 583, in _set_initial_conftests\n    self._try_load_conftest(\n  File \"/Users/apple/Library/Python/3.9/lib/python/site-packages/_pytest/config/__init__.py\", line 621, in _try_load_conftest\n    self._loadconftestmodules(\n  File \"/Users/apple/Library/Python/3.9/lib/python/site-packages/_pytest/config/__init__.py\", line 661, in _loadconftestmodules\n    mod = self._importconftest(\n  File \"/Users/apple/Library/Python/3.9/lib/python/site-packages/_pytest/config/__init__.py\", line 712, in _importconftest\n    mod = import_path(\n  File \"/Users/apple/Library/Python/3.9/lib/python/site-packages/_pytest/pathlib.py\", line 587, in import_path\n    importlib.import_module(module_name)\n  File \"/Library/Developer/CommandLineTools/Library/Frameworks/Python3.framework/Versions/3.9/lib/python3.9/importlib/__init__.py\", line 127, in import_module\n    return _bootstrap._gcd_import(name[level:], package, level)\n  File \"/Users/apple/Library/Python/3.9/lib/python/site-packages/_pytest/assertion/rewrite.py\", line 186, in exec_module\n    exec(co, module.__dict__)\n  File \"/Users/apple/Library/Mobile Documents/com~apple~CloudDocs/SProjects/myagent-continuous-ai-builder/tests/conftest.py\", line 18, in <module>\n    from core.orchestrator.continuous_director import ContinuousDirector\n  File \"/Users/apple/Library/Mobile Documents/com~apple~CloudDocs/SProjects/myagent-continuous-ai-builder/core/__init__.py\", line 10, in <module>\n    from . import agents\n  File \"/Users/apple/Library/Mobile Documents/com~apple~CloudDocs/SProjects/myagent-continuous-ai-builder/core/agents/__init__.py\", line 8, in <module>\n    from .coder_agent import CoderAgent\n  File \"/Users/apple/Library/Mobile Documents/com~apple~CloudDocs/SProjects/myagent-continuous-ai-builder/core/agents/coder_agent.py\", line 13, in <module>\n    from langchain_openai import ChatOpenAI\n  File \"/Users/apple/Library/Python/3.9/lib/python/site-packages/langchain_openai/__init__.py\", line 3, in <module>\n    from langchain_openai.chat_models import AzureChatOpenAI, ChatOpenAI\n  File \"/Users/apple/Library/Python/3.9/lib/python/site-packages/langchain_openai/chat_models/__init__.py\", line 3, in <module>\n    from langchain_openai.chat_models.azure import AzureChatOpenAI\n  File \"/Users/apple/Library/Python/3.9/lib/python/site-packages/langchain_openai/chat_models/azure.py\", line 11, in <module>\n    from langchain_core.language_models import LanguageModelInput\n  File \"/Users/apple/Library/Python/3.9/lib/python/site-packages/langchain_core/language_models/__init__.py\", line 112, in __getattr__\n    result = import_attr(attr_name, module_name, __spec__.parent)\n  File \"/Users/apple/Library/Python/3.9/lib/python/site-packages/langchain_core/_import_utils.py\", line 36, in import_attr\n    module = import_module(f\".{module_name}\", package=package)\n  File \"/Library/Developer/CommandLineTools/Library/Frameworks/Python3.framework/Versions/3.9/lib/python3.9/importlib/__init__.py\", line 127, in import_module\n    return _bootstrap._gcd_import(name[level:], package, level)\n  File \"/Users/apple/Library/Python/3.9/lib/python/site-packages/langchain_core/language_models/base.py\", line 44, in <module>\n    from transformers import GPT2TokenizerFast  # type: ignore[import-not-found]\n  File \"/Users/apple/Library/Python/3.9/lib/python/site-packages/transformers/__init__.py\", line 27, in <module>\n    from . import dependency_versions_check\n  File \"/Users/apple/Library/Python/3.9/lib/python/site-packages/transformers/dependency_versions_check.py\", line 16, in <module>\n    from .utils.versions import require_version, require_version_core\n  File \"/Users/apple/Library/Python/3.9/lib/python/site-packages/transformers/utils/__init__.py\", line 24, in <module>\n    from .auto_docstring import (\n  File \"/Users/apple/Library/Python/3.9/lib/python/site-packages/transformers/utils/auto_docstring.py\", line 30, in <module>\n    from .generic import ModelOutput\n  File \"/Users/apple/Library/Python/3.9/lib/python/site-packages/transformers/utils/generic.py\", line 51, in <module>\n    import torch\n  File \"/Users/apple/Library/Python/3.9/lib/python/site-packages/torch/__init__.py\", line 1477, in <module>\n    from .functional import *  # noqa: F403\n  File \"/Users/apple/Library/Python/3.9/lib/python/site-packages/torch/functional.py\", line 9, in <module>\n    import torch.nn.functional as F\n  File \"/Users/apple/Library/Python/3.9/lib/python/site-packages/torch/nn/__init__.py\", line 1, in <module>\n    from .modules import *  # noqa: F403\n  File \"/Users/apple/Library/Python/3.9/lib/python/site-packages/torch/nn/modules/__init__.py\", line 35, in <module>\n    from .transformer import TransformerEncoder, TransformerDecoder, \\\n  File \"/Users/apple/Library/Python/3.9/lib/python/site-packages/torch/nn/modules/transformer.py\", line 20, in <module>\n    device: torch.device = torch.device(torch._C._get_default_device()),  # torch.device('cpu'),\ntree-sitter not available; will use Python ast fallback\nERROR: usage: __main__.py [options] [file_or_dir] [file_or_dir] [...]\n__main__.py: error: unrecognized arguments: --benchmark-only --benchmark-sort=mean\n  inifile: /Users/apple/Library/Mobile Documents/com~apple~CloudDocs/SProjects/myagent-continuous-ai-builder/pytest.ini\n  rootdir: /Users/apple/Library/Mobile Documents/com~apple~CloudDocs/SProjects/myagent-continuous-ai-builder\n\n",
      "command": "/Library/Developer/CommandLineTools/usr/bin/python3 -m pytest tests/performance/ -m performance -v --benchmark-only --benchmark-sort=mean"
    },
    "usability": {
      "category": "usability",
      "status": "FAILED",
      "duration": 32.162161111831665,
      "returncode": 2,
      "stdout": "============================= test session starts ==============================\nplatform darwin -- Python 3.9.6, pytest-8.4.2, pluggy-1.6.0 -- /Library/Developer/CommandLineTools/usr/bin/python3\ncachedir: .pytest_cache\nrootdir: /Users/apple/Library/Mobile Documents/com~apple~CloudDocs/SProjects/myagent-continuous-ai-builder\nconfigfile: pytest.ini\nplugins: asyncio-0.23.5, anyio-4.12.0, langsmith-0.4.37, cov-4.1.0\nasyncio: mode=strict\ncollecting ... collected 0 items / 2 errors\n\n==================================== ERRORS ====================================\n______ ERROR collecting tests/usability/test_accessibility_compliance.py _______\nImportError while importing test module '/Users/apple/Library/Mobile Documents/com~apple~CloudDocs/SProjects/myagent-continuous-ai-builder/tests/usability/test_accessibility_compliance.py'.\nHint: make sure your test modules/packages have valid Python names.\nTraceback:\n/Library/Developer/CommandLineTools/Library/Frameworks/Python3.framework/Versions/3.9/lib/python3.9/importlib/__init__.py:127: in import_module\n    return _bootstrap._gcd_import(name[level:], package, level)\ntests/usability/test_accessibility_compliance.py:15: in <module>\n    from axe_selenium_python import Axe\nE   ModuleNotFoundError: No module named 'axe_selenium_python'\n------------------------------- Captured stdout --------------------------------\n\u001b[32m2025-11-29 18:37:50\u001b[0m | \u001b[1mINFO    \u001b[0m | \u001b[36mconfig.logging_config\u001b[0m:\u001b[36msetup_logging\u001b[0m:\u001b[36m100\u001b[0m - \u001b[1mLogging configured: level=INFO, file_logging=True\u001b[0m\n------------------------------- Captured stderr --------------------------------\n\nA module that was compiled using NumPy 1.x cannot be run in\nNumPy 2.0.2 as it may crash. To support both 1.x and 2.x\nversions of NumPy, modules must be compiled with NumPy 2.0.\nSome module may need to rebuild instead e.g. with 'pybind11>=2.12'.\n\nIf you are a user of the module, the easiest solution will be to\ndowngrade to 'numpy<2' or try to upgrade the affected module.\nWe expect that some modules will need time to support NumPy 2.\n\nTraceback (most recent call last):  File \"/Library/Developer/CommandLineTools/Library/Frameworks/Python3.framework/Versions/3.9/lib/python3.9/runpy.py\", line 197, in _run_module_as_main\n    return _run_code(code, main_globals, None,\n  File \"/Library/Developer/CommandLineTools/Library/Frameworks/Python3.framework/Versions/3.9/lib/python3.9/runpy.py\", line 87, in _run_code\n    exec(code, run_globals)\n  File \"/Users/apple/Library/Python/3.9/lib/python/site-packages/pytest/__main__.py\", line 9, in <module>\n    raise SystemExit(pytest.console_main())\n  File \"/Users/apple/Library/Python/3.9/lib/python/site-packages/_pytest/config/__init__.py\", line 201, in console_main\n    code = main()\n  File \"/Users/apple/Library/Python/3.9/lib/python/site-packages/_pytest/config/__init__.py\", line 156, in main\n    config = _prepareconfig(args, plugins)\n  File \"/Users/apple/Library/Python/3.9/lib/python/site-packages/_pytest/config/__init__.py\", line 342, in _prepareconfig\n    config = pluginmanager.hook.pytest_cmdline_parse(\n  File \"/Users/apple/Library/Python/3.9/lib/python/site-packages/pluggy/_hooks.py\", line 512, in __call__\n    return self._hookexec(self.name, self._hookimpls.copy(), kwargs, firstresult)\n  File \"/Users/apple/Library/Python/3.9/lib/python/site-packages/pluggy/_manager.py\", line 120, in _hookexec\n    return self._inner_hookexec(hook_name, methods, kwargs, firstresult)\n  File \"/Users/apple/Library/Python/3.9/lib/python/site-packages/pluggy/_callers.py\", line 121, in _multicall\n    res = hook_impl.function(*args)\n  File \"/Users/apple/Library/Python/3.9/lib/python/site-packages/_pytest/config/__init__.py\", line 1146, in pytest_cmdline_parse\n    self.parse(args)\n  File \"/Users/apple/Library/Python/3.9/lib/python/site-packages/_pytest/config/__init__.py\", line 1527, in parse\n    self._preparse(args, addopts=addopts)\n  File \"/Users/apple/Library/Python/3.9/lib/python/site-packages/_pytest/config/__init__.py\", line 1431, in _preparse\n    self.hook.pytest_load_initial_conftests(\n  File \"/Users/apple/Library/Python/3.9/lib/python/site-packages/pluggy/_hooks.py\", line 512, in __call__\n    return self._hookexec(self.name, self._hookimpls.copy(), kwargs, firstresult)\n  File \"/Users/apple/Library/Python/3.9/lib/python/site-packages/pluggy/_manager.py\", line 120, in _hookexec\n    return self._inner_hookexec(hook_name, methods, kwargs, firstresult)\n  File \"/Users/apple/Library/Python/3.9/lib/python/site-packages/pluggy/_callers.py\", line 121, in _multicall\n    res = hook_impl.function(*args)\n  File \"/Users/apple/Library/Python/3.9/lib/python/site-packages/_pytest/config/__init__.py\", line 1228, in pytest_load_initial_conftests\n    self.pluginmanager._set_initial_conftests(\n  File \"/Users/apple/Library/Python/3.9/lib/python/site-packages/_pytest/config/__init__.py\", line 583, in _set_initial_conftests\n    self._try_load_conftest(\n  File \"/Users/apple/Library/Python/3.9/lib/python/site-packages/_pytest/config/__init__.py\", line 621, in _try_load_conftest\n    self._loadconftestmodules(\n  File \"/Users/apple/Library/Python/3.9/lib/python/site-packages/_pytest/config/__init__.py\", line 661, in _loadconftestmodules\n    mod = self._importconftest(\n  File \"/Users/apple/Library/Python/3.9/lib/python/site-packages/_pytest/config/__init__.py\", line 712, in _importconftest\n    mod = import_path(\n  File \"/Users/apple/Library/Python/3.9/lib/python/site-packages/_pytest/pathlib.py\", line 587, in import_path\n    importlib.import_module(module_name)\n  File \"/Library/Developer/CommandLineTools/Library/Frameworks/Python3.framework/Versions/3.9/lib/python3.9/importlib/__init__.py\", line 127, in import_module\n    return _bootstrap._gcd_import(name[level:], package, level)\n  File \"/Users/apple/Library/Python/3.9/lib/python/site-packages/_pytest/assertion/rewrite.py\", line 186, in exec_module\n    exec(co, module.__dict__)\n  File \"/Users/apple/Library/Mobile Documents/com~apple~CloudDocs/SProjects/myagent-continuous-ai-builder/tests/conftest.py\", line 18, in <module>\n    from core.orchestrator.continuous_director import ContinuousDirector\n  File \"/Users/apple/Library/Mobile Documents/com~apple~CloudDocs/SProjects/myagent-continuous-ai-builder/core/__init__.py\", line 10, in <module>\n    from . import agents\n  File \"/Users/apple/Library/Mobile Documents/com~apple~CloudDocs/SProjects/myagent-continuous-ai-builder/core/agents/__init__.py\", line 8, in <module>\n    from .coder_agent import CoderAgent\n  File \"/Users/apple/Library/Mobile Documents/com~apple~CloudDocs/SProjects/myagent-continuous-ai-builder/core/agents/coder_agent.py\", line 13, in <module>\n    from langchain_openai import ChatOpenAI\n  File \"/Users/apple/Library/Python/3.9/lib/python/site-packages/langchain_openai/__init__.py\", line 3, in <module>\n    from langchain_openai.chat_models import AzureChatOpenAI, ChatOpenAI\n  File \"/Users/apple/Library/Python/3.9/lib/python/site-packages/langchain_openai/chat_models/__init__.py\", line 3, in <module>\n    from langchain_openai.chat_models.azure import AzureChatOpenAI\n  File \"/Users/apple/Library/Python/3.9/lib/python/site-packages/langchain_openai/chat_models/azure.py\", line 11, in <module>\n    from langchain_core.language_models import LanguageModelInput\n  File \"/Users/apple/Library/Python/3.9/lib/python/site-packages/langchain_core/language_models/__init__.py\", line 112, in __getattr__\n    result = import_attr(attr_name, module_name, __spec__.parent)\n  File \"/Users/apple/Library/Python/3.9/lib/python/site-packages/langchain_core/_import_utils.py\", line 36, in import_attr\n    module = import_module(f\".{module_name}\", package=package)\n  File \"/Library/Developer/CommandLineTools/Library/Frameworks/Python3.framework/Versions/3.9/lib/python3.9/importlib/__init__.py\", line 127, in import_module\n    return _bootstrap._gcd_import(name[level:], package, level)\n  File \"/Users/apple/Library/Python/3.9/lib/python/site-packages/langchain_core/language_models/base.py\", line 44, in <module>\n    from transformers import GPT2TokenizerFast  # type: ignore[import-not-found]\n  File \"/Users/apple/Library/Python/3.9/lib/python/site-packages/transformers/__init__.py\", line 27, in <module>\n    from . import dependency_versions_check\n  File \"/Users/apple/Library/Python/3.9/lib/python/site-packages/transformers/dependency_versions_check.py\", line 16, in <module>\n    from .utils.versions import require_version, require_version_core\n  File \"/Users/apple/Library/Python/3.9/lib/python/site-packages/transformers/utils/__init__.py\", line 24, in <module>\n    from .auto_docstring import (\n  File \"/Users/apple/Library/Python/3.9/lib/python/site-packages/transformers/utils/auto_docstring.py\", line 30, in <module>\n    from .generic import ModelOutput\n  File \"/Users/apple/Library/Python/3.9/lib/python/site-packages/transformers/utils/generic.py\", line 51, in <module>\n    import torch\n  File \"/Users/apple/Library/Python/3.9/lib/python/site-packages/torch/__init__.py\", line 1477, in <module>\n    from .functional import *  # noqa: F403\n  File \"/Users/apple/Library/Python/3.9/lib/python/site-packages/torch/functional.py\", line 9, in <module>\n    import torch.nn.functional as F\n  File \"/Users/apple/Library/Python/3.9/lib/python/site-packages/torch/nn/__init__.py\", line 1, in <module>\n    from .modules import *  # noqa: F403\n  File \"/Users/apple/Library/Python/3.9/lib/python/site-packages/torch/nn/modules/__init__.py\", line 35, in <module>\n    from .transformer import TransformerEncoder, TransformerDecoder, \\\n  File \"/Users/apple/Library/Python/3.9/lib/python/site-packages/torch/nn/modules/transformer.py\", line 20, in <module>\n    device: torch.device = torch.device(torch._C._get_default_device()),  # torch.device('cpu'),\ntree-sitter not available; will use Python ast fallback\n__________ ERROR collecting tests/usability/test_ui_responsiveness.py __________\nImportError while importing test module '/Users/apple/Library/Mobile Documents/com~apple~CloudDocs/SProjects/myagent-continuous-ai-builder/tests/usability/test_ui_responsiveness.py'.\nHint: make sure your test modules/packages have valid Python names.\nTraceback:\n/Library/Developer/CommandLineTools/Library/Frameworks/Python3.framework/Versions/3.9/lib/python3.9/importlib/__init__.py:127: in import_module\n    return _bootstrap._gcd_import(name[level:], package, level)\ntests/usability/test_ui_responsiveness.py:15: in <module>\n    from selenium import webdriver\nE   ModuleNotFoundError: No module named 'selenium'\n=============================== warnings summary ===============================\n../../../../Python/3.9/lib/python/site-packages/jupyter_client/connect.py:22\n  /Users/apple/Library/Python/3.9/lib/python/site-packages/jupyter_client/connect.py:22: DeprecationWarning: Jupyter is migrating its paths to use standard platformdirs\n  given by the platformdirs library.  To remove this warning and\n  see the appropriate new directories, set the environment variable\n  `JUPYTER_PLATFORM_DIRS=1` and then run `jupyter --paths`.\n  The use of platformdirs will be the default in `jupyter_core` v6\n    from jupyter_core.paths import jupyter_data_dir, jupyter_runtime_dir, secure_write\n\n../../../../Python/3.9/lib/python/site-packages/torch/nn/modules/transformer.py:20\n  /Users/apple/Library/Python/3.9/lib/python/site-packages/torch/nn/modules/transformer.py:20: UserWarning: Failed to initialize NumPy: _ARRAY_API not found (Triggered internally at /Users/runner/work/pytorch/pytorch/pytorch/torch/csrc/utils/tensor_numpy.cpp:84.)\n    device: torch.device = torch.device(torch._C._get_default_device()),  # torch.device('cpu'),\n\nconfig/settings.py:19\n  /Users/apple/Library/Mobile Documents/com~apple~CloudDocs/SProjects/myagent-continuous-ai-builder/config/settings.py:19: PydanticDeprecatedSince20: Using extra keyword arguments on `Field` is deprecated and will be removed. Use `json_schema_extra` instead. (Extra keys: 'env'). Deprecated in Pydantic V2.0 to be removed in V3.0. See Pydantic V2 Migration Guide at https://errors.pydantic.dev/2.12/migration/\n    DEBUG: bool = Field(default=False, env=\"DEBUG\")\n\nconfig/settings.py:22\n  /Users/apple/Library/Mobile Documents/com~apple~CloudDocs/SProjects/myagent-continuous-ai-builder/config/settings.py:22: PydanticDeprecatedSince20: Using extra keyword arguments on `Field` is deprecated and will be removed. Use `json_schema_extra` instead. (Extra keys: 'env'). Deprecated in Pydantic V2.0 to be removed in V3.0. See Pydantic V2 Migration Guide at https://errors.pydantic.dev/2.12/migration/\n    API_HOST: str = Field(default=\"0.0.0.0\", env=\"API_HOST\")\n\nconfig/settings.py:23\n  /Users/apple/Library/Mobile Documents/com~apple~CloudDocs/SProjects/myagent-continuous-ai-builder/config/settings.py:23: PydanticDeprecatedSince20: Using extra keyword arguments on `Field` is deprecated and will be removed. Use `json_schema_extra` instead. (Extra keys: 'env'). Deprecated in Pydantic V2.0 to be removed in V3.0. See Pydantic V2 Migration Guide at https://errors.pydantic.dev/2.12/migration/\n    API_PORT: int = Field(default=8000, env=\"API_PORT\")\n\nconfig/settings.py:24\n  /Users/apple/Library/Mobile Documents/com~apple~CloudDocs/SProjects/myagent-continuous-ai-builder/config/settings.py:24: PydanticDeprecatedSince20: Using extra keyword arguments on `Field` is deprecated and will be removed. Use `json_schema_extra` instead. (Extra keys: 'env'). Deprecated in Pydantic V2.0 to be removed in V3.0. See Pydantic V2 Migration Guide at https://errors.pydantic.dev/2.12/migration/\n    API_WORKERS: int = Field(default=4, env=\"API_WORKERS\")\n\nconfig/settings.py:25\n  /Users/apple/Library/Mobile Documents/com~apple~CloudDocs/SProjects/myagent-continuous-ai-builder/config/settings.py:25: PydanticDeprecatedSince20: Using extra keyword arguments on `Field` is deprecated and will be removed. Use `json_schema_extra` instead. (Extra keys: 'env'). Deprecated in Pydantic V2.0 to be removed in V3.0. See Pydantic V2 Migration Guide at https://errors.pydantic.dev/2.12/migration/\n    CORS_ORIGINS: List[str] = Field(\n\nconfig/settings.py:31\n  /Users/apple/Library/Mobile Documents/com~apple~CloudDocs/SProjects/myagent-continuous-ai-builder/config/settings.py:31: PydanticDeprecatedSince20: Using extra keyword arguments on `Field` is deprecated and will be removed. Use `json_schema_extra` instead. (Extra keys: 'env'). Deprecated in Pydantic V2.0 to be removed in V3.0. See Pydantic V2 Migration Guide at https://errors.pydantic.dev/2.12/migration/\n    DATABASE_URL: str = Field(\n\nconfig/settings.py:35\n  /Users/apple/Library/Mobile Documents/com~apple~CloudDocs/SProjects/myagent-continuous-ai-builder/config/settings.py:35: PydanticDeprecatedSince20: Using extra keyword arguments on `Field` is deprecated and will be removed. Use `json_schema_extra` instead. (Extra keys: 'env'). Deprecated in Pydantic V2.0 to be removed in V3.0. See Pydantic V2 Migration Guide at https://errors.pydantic.dev/2.12/migration/\n    DATABASE_POOL_SIZE: int = Field(default=20, env=\"DATABASE_POOL_SIZE\")\n\nconfig/settings.py:36\n  /Users/apple/Library/Mobile Documents/com~apple~CloudDocs/SProjects/myagent-continuous-ai-builder/config/settings.py:36: PydanticDeprecatedSince20: Using extra keyword arguments on `Field` is deprecated and will be removed. Use `json_schema_extra` instead. (Extra keys: 'env'). Deprecated in Pydantic V2.0 to be removed in V3.0. See Pydantic V2 Migration Guide at https://errors.pydantic.dev/2.12/migration/\n    DATABASE_MAX_OVERFLOW: int = Field(default=10, env=\"DATABASE_MAX_OVERFLOW\")\n\nconfig/settings.py:39\n  /Users/apple/Library/Mobile Documents/com~apple~CloudDocs/SProjects/myagent-continuous-ai-builder/config/settings.py:39: PydanticDeprecatedSince20: Using extra keyword arguments on `Field` is deprecated and will be removed. Use `json_schema_extra` instead. (Extra keys: 'env'). Deprecated in Pydantic V2.0 to be removed in V3.0. See Pydantic V2 Migration Guide at https://errors.pydantic.dev/2.12/migration/\n    REDIS_URL: str = Field(default=\"redis://localhost:6379/0\", env=\"REDIS_URL\")\n\nconfig/settings.py:40\n  /Users/apple/Library/Mobile Documents/com~apple~CloudDocs/SProjects/myagent-continuous-ai-builder/config/settings.py:40: PydanticDeprecatedSince20: Using extra keyword arguments on `Field` is deprecated and will be removed. Use `json_schema_extra` instead. (Extra keys: 'env'). Deprecated in Pydantic V2.0 to be removed in V3.0. See Pydantic V2 Migration Guide at https://errors.pydantic.dev/2.12/migration/\n    REDIS_MAX_CONNECTIONS: int = Field(default=50, env=\"REDIS_MAX_CONNECTIONS\")\n\nconfig/settings.py:42\n  /Users/apple/Library/Mobile Documents/com~apple~CloudDocs/SProjects/myagent-continuous-ai-builder/config/settings.py:42: PydanticDeprecatedSince20: Pydantic V1 style `@validator` validators are deprecated. You should migrate to Pydantic V2 style `@field_validator` validators, see the migration guide for more details. Deprecated in Pydantic V2.0 to be removed in V3.0. See Pydantic V2 Migration Guide at https://errors.pydantic.dev/2.12/migration/\n    @validator(\"DATABASE_URL\", pre=True, always=True)\n\nconfig/settings.py:55\n  /Users/apple/Library/Mobile Documents/com~apple~CloudDocs/SProjects/myagent-continuous-ai-builder/config/settings.py:55: PydanticDeprecatedSince20: Using extra keyword arguments on `Field` is deprecated and will be removed. Use `json_schema_extra` instead. (Extra keys: 'env'). Deprecated in Pydantic V2.0 to be removed in V3.0. See Pydantic V2 Migration Guide at https://errors.pydantic.dev/2.12/migration/\n    CHROMADB_HOST: str = Field(default=\"localhost\", env=\"CHROMADB_HOST\")\n\nconfig/settings.py:56\n  /Users/apple/Library/Mobile Documents/com~apple~CloudDocs/SProjects/myagent-continuous-ai-builder/config/settings.py:56: PydanticDeprecatedSince20: Using extra keyword arguments on `Field` is deprecated and will be removed. Use `json_schema_extra` instead. (Extra keys: 'env'). Deprecated in Pydantic V2.0 to be removed in V3.0. See Pydantic V2 Migration Guide at https://errors.pydantic.dev/2.12/migration/\n    CHROMADB_PORT: int = Field(default=8000, env=\"CHROMADB_PORT\")\n\nconfig/settings.py:57\n  /Users/apple/Library/Mobile Documents/com~apple~CloudDocs/SProjects/myagent-continuous-ai-builder/config/settings.py:57: PydanticDeprecatedSince20: Using extra keyword arguments on `Field` is deprecated and will be removed. Use `json_schema_extra` instead. (Extra keys: 'env'). Deprecated in Pydantic V2.0 to be removed in V3.0. See Pydantic V2 Migration Guide at https://errors.pydantic.dev/2.12/migration/\n    CHROMADB_PATH: str = Field(\n\nconfig/settings.py:63\n  /Users/apple/Library/Mobile Documents/com~apple~CloudDocs/SProjects/myagent-continuous-ai-builder/config/settings.py:63: PydanticDeprecatedSince20: Using extra keyword arguments on `Field` is deprecated and will be removed. Use `json_schema_extra` instead. (Extra keys: 'env'). Deprecated in Pydantic V2.0 to be removed in V3.0. See Pydantic V2 Migration Guide at https://errors.pydantic.dev/2.12/migration/\n    OPENAI_API_KEY: Optional[str] = Field(default=None, env=\"OPENAI_API_KEY\")\n\nconfig/settings.py:64\n  /Users/apple/Library/Mobile Documents/com~apple~CloudDocs/SProjects/myagent-continuous-ai-builder/config/settings.py:64: PydanticDeprecatedSince20: Using extra keyword arguments on `Field` is deprecated and will be removed. Use `json_schema_extra` instead. (Extra keys: 'env'). Deprecated in Pydantic V2.0 to be removed in V3.0. See Pydantic V2 Migration Guide at https://errors.pydantic.dev/2.12/migration/\n    ANTHROPIC_API_KEY: Optional[str] = Field(default=None, env=\"ANTHROPIC_API_KEY\")\n\nconfig/settings.py:65\n  /Users/apple/Library/Mobile Documents/com~apple~CloudDocs/SProjects/myagent-continuous-ai-builder/config/settings.py:65: PydanticDeprecatedSince20: Using extra keyword arguments on `Field` is deprecated and will be removed. Use `json_schema_extra` instead. (Extra keys: 'env'). Deprecated in Pydantic V2.0 to be removed in V3.0. See Pydantic V2 Migration Guide at https://errors.pydantic.dev/2.12/migration/\n    OLLAMA_BASE_URL: str = Field(\n\nconfig/settings.py:71\n  /Users/apple/Library/Mobile Documents/com~apple~CloudDocs/SProjects/myagent-continuous-ai-builder/config/settings.py:71: PydanticDeprecatedSince20: Using extra keyword arguments on `Field` is deprecated and will be removed. Use `json_schema_extra` instead. (Extra keys: 'env'). Deprecated in Pydantic V2.0 to be removed in V3.0. See Pydantic V2 Migration Guide at https://errors.pydantic.dev/2.12/migration/\n    DEFAULT_LLM_PROVIDER: str = Field(default=\"openai\", env=\"DEFAULT_LLM_PROVIDER\")\n\nconfig/settings.py:72\n  /Users/apple/Library/Mobile Documents/com~apple~CloudDocs/SProjects/myagent-continuous-ai-builder/config/settings.py:72: PydanticDeprecatedSince20: Using extra keyword arguments on `Field` is deprecated and will be removed. Use `json_schema_extra` instead. (Extra keys: 'env'). Deprecated in Pydantic V2.0 to be removed in V3.0. See Pydantic V2 Migration Guide at https://errors.pydantic.dev/2.12/migration/\n    DEFAULT_MODEL: str = Field(default=\"gpt-5-chat-latest\", env=\"DEFAULT_MODEL\")\n\nconfig/settings.py:73\n  /Users/apple/Library/Mobile Documents/com~apple~CloudDocs/SProjects/myagent-continuous-ai-builder/config/settings.py:73: PydanticDeprecatedSince20: Using extra keyword arguments on `Field` is deprecated and will be removed. Use `json_schema_extra` instead. (Extra keys: 'env'). Deprecated in Pydantic V2.0 to be removed in V3.0. See Pydantic V2 Migration Guide at https://errors.pydantic.dev/2.12/migration/\n    LLM_TEMPERATURE: float = Field(default=0.7, env=\"LLM_TEMPERATURE\")\n\nconfig/settings.py:74\n  /Users/apple/Library/Mobile Documents/com~apple~CloudDocs/SProjects/myagent-continuous-ai-builder/config/settings.py:74: PydanticDeprecatedSince20: Using extra keyword arguments on `Field` is deprecated and will be removed. Use `json_schema_extra` instead. (Extra keys: 'env'). Deprecated in Pydantic V2.0 to be removed in V3.0. See Pydantic V2 Migration Guide at https://errors.pydantic.dev/2.12/migration/\n    LLM_MAX_TOKENS: int = Field(default=2000, env=\"LLM_MAX_TOKENS\")\n\nconfig/settings.py:77\n  /Users/apple/Library/Mobile Documents/com~apple~CloudDocs/SProjects/myagent-continuous-ai-builder/config/settings.py:77: PydanticDeprecatedSince20: Using extra keyword arguments on `Field` is deprecated and will be removed. Use `json_schema_extra` instead. (Extra keys: 'env'). Deprecated in Pydantic V2.0 to be removed in V3.0. See Pydantic V2 Migration Guide at https://errors.pydantic.dev/2.12/migration/\n    TARGET_TEST_COVERAGE: float = Field(default=95.0, env=\"TARGET_TEST_COVERAGE\")\n\nconfig/settings.py:78\n  /Users/apple/Library/Mobile Documents/com~apple~CloudDocs/SProjects/myagent-continuous-ai-builder/config/settings.py:78: PydanticDeprecatedSince20: Using extra keyword arguments on `Field` is deprecated and will be removed. Use `json_schema_extra` instead. (Extra keys: 'env'). Deprecated in Pydantic V2.0 to be removed in V3.0. See Pydantic V2 Migration Guide at https://errors.pydantic.dev/2.12/migration/\n    TARGET_PERFORMANCE_SCORE: float = Field(\n\nconfig/settings.py:82\n  /Users/apple/Library/Mobile Documents/com~apple~CloudDocs/SProjects/myagent-continuous-ai-builder/config/settings.py:82: PydanticDeprecatedSince20: Using extra keyword arguments on `Field` is deprecated and will be removed. Use `json_schema_extra` instead. (Extra keys: 'env'). Deprecated in Pydantic V2.0 to be removed in V3.0. See Pydantic V2 Migration Guide at https://errors.pydantic.dev/2.12/migration/\n    TARGET_DOCUMENTATION_COVERAGE: float = Field(\n\nconfig/settings.py:86\n  /Users/apple/Library/Mobile Documents/com~apple~CloudDocs/SProjects/myagent-continuous-ai-builder/config/settings.py:86: PydanticDeprecatedSince20: Using extra keyword arguments on `Field` is deprecated and will be removed. Use `json_schema_extra` instead. (Extra keys: 'env'). Deprecated in Pydantic V2.0 to be removed in V3.0. See Pydantic V2 Migration Guide at https://errors.pydantic.dev/2.12/migration/\n    TARGET_CODE_QUALITY_SCORE: float = Field(\n\nconfig/settings.py:90\n  /Users/apple/Library/Mobile Documents/com~apple~CloudDocs/SProjects/myagent-continuous-ai-builder/config/settings.py:90: PydanticDeprecatedSince20: Using extra keyword arguments on `Field` is deprecated and will be removed. Use `json_schema_extra` instead. (Extra keys: 'env'). Deprecated in Pydantic V2.0 to be removed in V3.0. See Pydantic V2 Migration Guide at https://errors.pydantic.dev/2.12/migration/\n    TARGET_SECURITY_SCORE: float = Field(default=95.0, env=\"TARGET_SECURITY_SCORE\")\n\nconfig/settings.py:91\n  /Users/apple/Library/Mobile Documents/com~apple~CloudDocs/SProjects/myagent-continuous-ai-builder/config/settings.py:91: PydanticDeprecatedSince20: Using extra keyword arguments on `Field` is deprecated and will be removed. Use `json_schema_extra` instead. (Extra keys: 'env'). Deprecated in Pydantic V2.0 to be removed in V3.0. See Pydantic V2 Migration Guide at https://errors.pydantic.dev/2.12/migration/\n    TARGET_USER_SATISFACTION: float = Field(\n\nconfig/settings.py:97\n  /Users/apple/Library/Mobile Documents/com~apple~CloudDocs/SProjects/myagent-continuous-ai-builder/config/settings.py:97: PydanticDeprecatedSince20: Using extra keyword arguments on `Field` is deprecated and will be removed. Use `json_schema_extra` instead. (Extra keys: 'env'). Deprecated in Pydantic V2.0 to be removed in V3.0. See Pydantic V2 Migration Guide at https://errors.pydantic.dev/2.12/migration/\n    MAX_AGENT_RETRIES: int = Field(default=3, env=\"MAX_AGENT_RETRIES\")\n\nconfig/settings.py:98\n  /Users/apple/Library/Mobile Documents/com~apple~CloudDocs/SProjects/myagent-continuous-ai-builder/config/settings.py:98: PydanticDeprecatedSince20: Using extra keyword arguments on `Field` is deprecated and will be removed. Use `json_schema_extra` instead. (Extra keys: 'env'). Deprecated in Pydantic V2.0 to be removed in V3.0. See Pydantic V2 Migration Guide at https://errors.pydantic.dev/2.12/migration/\n    AGENT_TIMEOUT_SECONDS: int = Field(default=300, env=\"AGENT_TIMEOUT_SECONDS\")\n\nconfig/settings.py:99\n  /Users/apple/Library/Mobile Documents/com~apple~CloudDocs/SProjects/myagent-continuous-ai-builder/config/settings.py:99: PydanticDeprecatedSince20: Using extra keyword arguments on `Field` is deprecated and will be removed. Use `json_schema_extra` instead. (Extra keys: 'env'). Deprecated in Pydantic V2.0 to be removed in V3.0. See Pydantic V2 Migration Guide at https://errors.pydantic.dev/2.12/migration/\n    CHECKPOINT_INTERVAL_HOURS: int = Field(\n\nconfig/settings.py:105\n  /Users/apple/Library/Mobile Documents/com~apple~CloudDocs/SProjects/myagent-continuous-ai-builder/config/settings.py:105: PydanticDeprecatedSince20: Using extra keyword arguments on `Field` is deprecated and will be removed. Use `json_schema_extra` instead. (Extra keys: 'env'). Deprecated in Pydantic V2.0 to be removed in V3.0. See Pydantic V2 Migration Guide at https://errors.pydantic.dev/2.12/migration/\n    PERSISTENCE_DIR: Path = Field(\n\nconfig/settings.py:109\n  /Users/apple/Library/Mobile Documents/com~apple~CloudDocs/SProjects/myagent-continuous-ai-builder/config/settings.py:109: PydanticDeprecatedSince20: Using extra keyword arguments on `Field` is deprecated and will be removed. Use `json_schema_extra` instead. (Extra keys: 'env'). Deprecated in Pydantic V2.0 to be removed in V3.0. See Pydantic V2 Migration Guide at https://errors.pydantic.dev/2.12/migration/\n    LOGS_DIR: Path = Field(default=Path(\"logs\"), env=\"LOGS_DIR\")\n\nconfig/settings.py:112\n  /Users/apple/Library/Mobile Documents/com~apple~CloudDocs/SProjects/myagent-continuous-ai-builder/config/settings.py:112: PydanticDeprecatedSince20: Using extra keyword arguments on `Field` is deprecated and will be removed. Use `json_schema_extra` instead. (Extra keys: 'env'). Deprecated in Pydantic V2.0 to be removed in V3.0. See Pydantic V2 Migration Guide at https://errors.pydantic.dev/2.12/migration/\n    SECRET_KEY: str = Field(\n\nconfig/settings.py:116\n  /Users/apple/Library/Mobile Documents/com~apple~CloudDocs/SProjects/myagent-continuous-ai-builder/config/settings.py:116: PydanticDeprecatedSince20: Using extra keyword arguments on `Field` is deprecated and will be removed. Use `json_schema_extra` instead. (Extra keys: 'env'). Deprecated in Pydantic V2.0 to be removed in V3.0. See Pydantic V2 Migration Guide at https://errors.pydantic.dev/2.12/migration/\n    JWT_ALGORITHM: str = Field(default=\"HS256\", env=\"JWT_ALGORITHM\")\n\nconfig/settings.py:117\n  /Users/apple/Library/Mobile Documents/com~apple~CloudDocs/SProjects/myagent-continuous-ai-builder/config/settings.py:117: PydanticDeprecatedSince20: Using extra keyword arguments on `Field` is deprecated and will be removed. Use `json_schema_extra` instead. (Extra keys: 'env'). Deprecated in Pydantic V2.0 to be removed in V3.0. See Pydantic V2 Migration Guide at https://errors.pydantic.dev/2.12/migration/\n    JWT_EXPIRATION_MINUTES: int = Field(\n\nconfig/settings.py:123\n  /Users/apple/Library/Mobile Documents/com~apple~CloudDocs/SProjects/myagent-continuous-ai-builder/config/settings.py:123: PydanticDeprecatedSince20: Using extra keyword arguments on `Field` is deprecated and will be removed. Use `json_schema_extra` instead. (Extra keys: 'env'). Deprecated in Pydantic V2.0 to be removed in V3.0. See Pydantic V2 Migration Guide at https://errors.pydantic.dev/2.12/migration/\n    RATE_LIMIT_PER_MINUTE: int = Field(default=100, env=\"RATE_LIMIT_PER_MINUTE\")\n\nconfig/settings.py:125\n  /Users/apple/Library/Mobile Documents/com~apple~CloudDocs/SProjects/myagent-continuous-ai-builder/config/settings.py:125: PydanticDeprecatedSince20: Pydantic V1 style `@validator` validators are deprecated. You should migrate to Pydantic V2 style `@field_validator` validators, see the migration guide for more details. Deprecated in Pydantic V2.0 to be removed in V3.0. See Pydantic V2 Migration Guide at https://errors.pydantic.dev/2.12/migration/\n    @validator(\"CORS_ORIGINS\", pre=True)\n\nconfig/settings.py:132\n  /Users/apple/Library/Mobile Documents/com~apple~CloudDocs/SProjects/myagent-continuous-ai-builder/config/settings.py:132: PydanticDeprecatedSince20: Pydantic V1 style `@validator` validators are deprecated. You should migrate to Pydantic V2 style `@field_validator` validators, see the migration guide for more details. Deprecated in Pydantic V2.0 to be removed in V3.0. See Pydantic V2 Migration Guide at https://errors.pydantic.dev/2.12/migration/\n    @validator(\"PERSISTENCE_DIR\", \"LOGS_DIR\", pre=True)\n\nconfig/settings.py:13\n  /Users/apple/Library/Mobile Documents/com~apple~CloudDocs/SProjects/myagent-continuous-ai-builder/config/settings.py:13: PydanticDeprecatedSince20: Support for class-based `config` is deprecated, use ConfigDict instead. Deprecated in Pydantic V2.0 to be removed in V3.0. See Pydantic V2 Migration Guide at https://errors.pydantic.dev/2.12/migration/\n    class Settings(BaseSettings):\n\n-- Docs: https://docs.pytest.org/en/stable/how-to/capture-warnings.html\n=========================== short test summary info ============================\nERROR tests/usability/test_accessibility_compliance.py\nERROR tests/usability/test_ui_responsiveness.py\n!!!!!!!!!!!!!!!!!!! Interrupted: 2 errors during collection !!!!!!!!!!!!!!!!!!!!\n======================== 41 warnings, 2 errors in 0.87s ========================\n",
      "stderr": "/Users/apple/Library/Python/3.9/lib/python/site-packages/urllib3/__init__.py:35: NotOpenSSLWarning: urllib3 v2 only supports OpenSSL 1.1.1+, currently the 'ssl' module is compiled with 'LibreSSL 2.8.3'. See: https://github.com/urllib3/urllib3/issues/3020\n  warnings.warn(\n",
      "command": "/Library/Developer/CommandLineTools/usr/bin/python3 -m pytest tests/usability/ -m usability -v"
    }
  },
  "recommendations": [
    "Fix unit test failures before proceeding with integration testing",
    "Review agent coordination and API integration issues",
    "Optimize performance bottlenecks identified in performance tests",
    "Address UI/UX issues found in usability testing",
    "Improve test coverage in integration tests",
    "Improve test coverage in system tests",
    "Improve test coverage in usability tests"
  ]
}
